Archive member included to satisfy reference by file (symbol)

c:/st/stm32cubeide_1.1.0/stm32cubeide/plugins/com.st.stm32cube.ide.mcu.externaltools.gnu-tools-for-stm32.7-2018-q2-update.win32_1.0.0.201904181610/tools/bin/../lib/gcc/arm-none-eabi/7.3.1/../../../../arm-none-eabi/lib/thumb/v7e-m/fpv4-sp/hard\libc_nano.a(lib_a-exit.o)
                              c:/st/stm32cubeide_1.1.0/stm32cubeide/plugins/com.st.stm32cube.ide.mcu.externaltools.gnu-tools-for-stm32.7-2018-q2-update.win32_1.0.0.201904181610/tools/bin/../lib/gcc/arm-none-eabi/7.3.1/../../../../arm-none-eabi/lib/thumb/v7e-m/fpv4-sp/hard/crt0.o (exit)
c:/st/stm32cubeide_1.1.0/stm32cubeide/plugins/com.st.stm32cube.ide.mcu.externaltools.gnu-tools-for-stm32.7-2018-q2-update.win32_1.0.0.201904181610/tools/bin/../lib/gcc/arm-none-eabi/7.3.1/../../../../arm-none-eabi/lib/thumb/v7e-m/fpv4-sp/hard\libc_nano.a(lib_a-impure.o)
                              c:/st/stm32cubeide_1.1.0/stm32cubeide/plugins/com.st.stm32cube.ide.mcu.externaltools.gnu-tools-for-stm32.7-2018-q2-update.win32_1.0.0.201904181610/tools/bin/../lib/gcc/arm-none-eabi/7.3.1/../../../../arm-none-eabi/lib/thumb/v7e-m/fpv4-sp/hard\libc_nano.a(lib_a-exit.o) (_global_impure_ptr)
c:/st/stm32cubeide_1.1.0/stm32cubeide/plugins/com.st.stm32cube.ide.mcu.externaltools.gnu-tools-for-stm32.7-2018-q2-update.win32_1.0.0.201904181610/tools/bin/../lib/gcc/arm-none-eabi/7.3.1/../../../../arm-none-eabi/lib/thumb/v7e-m/fpv4-sp/hard\libc_nano.a(lib_a-init.o)
                              c:/st/stm32cubeide_1.1.0/stm32cubeide/plugins/com.st.stm32cube.ide.mcu.externaltools.gnu-tools-for-stm32.7-2018-q2-update.win32_1.0.0.201904181610/tools/bin/../lib/gcc/arm-none-eabi/7.3.1/../../../../arm-none-eabi/lib/thumb/v7e-m/fpv4-sp/hard/crt0.o (__libc_init_array)
c:/st/stm32cubeide_1.1.0/stm32cubeide/plugins/com.st.stm32cube.ide.mcu.externaltools.gnu-tools-for-stm32.7-2018-q2-update.win32_1.0.0.201904181610/tools/bin/../lib/gcc/arm-none-eabi/7.3.1/../../../../arm-none-eabi/lib/thumb/v7e-m/fpv4-sp/hard\libc_nano.a(lib_a-memcpy-stub.o)
                              Middlewares/Third_Party/FreeRTOS/Source/CMSIS_RTOS_V2/cmsis_os2.o (memcpy)
c:/st/stm32cubeide_1.1.0/stm32cubeide/plugins/com.st.stm32cube.ide.mcu.externaltools.gnu-tools-for-stm32.7-2018-q2-update.win32_1.0.0.201904181610/tools/bin/../lib/gcc/arm-none-eabi/7.3.1/../../../../arm-none-eabi/lib/thumb/v7e-m/fpv4-sp/hard\libc_nano.a(lib_a-memset.o)
                              c:/st/stm32cubeide_1.1.0/stm32cubeide/plugins/com.st.stm32cube.ide.mcu.externaltools.gnu-tools-for-stm32.7-2018-q2-update.win32_1.0.0.201904181610/tools/bin/../lib/gcc/arm-none-eabi/7.3.1/../../../../arm-none-eabi/lib/thumb/v7e-m/fpv4-sp/hard/crt0.o (memset)
c:/st/stm32cubeide_1.1.0/stm32cubeide/plugins/com.st.stm32cube.ide.mcu.externaltools.gnu-tools-for-stm32.7-2018-q2-update.win32_1.0.0.201904181610/tools/bin/../lib/gcc/arm-none-eabi/7.3.1/../../../../arm-none-eabi/lib/thumb/v7e-m/fpv4-sp/hard\libnosys.a(_exit.o)
                              c:/st/stm32cubeide_1.1.0/stm32cubeide/plugins/com.st.stm32cube.ide.mcu.externaltools.gnu-tools-for-stm32.7-2018-q2-update.win32_1.0.0.201904181610/tools/bin/../lib/gcc/arm-none-eabi/7.3.1/../../../../arm-none-eabi/lib/thumb/v7e-m/fpv4-sp/hard\libc_nano.a(lib_a-exit.o) (_exit)

Allocating common symbols
Common symbol       size              file

USERPath            0x4               Src/app_fatfs.o
hUsbDeviceFS        0x2c4             Src/usb_device.o
defaultTaskHandle   0x4               Src/main.o
hadc2               0x6c              Src/main.o
hadc5               0x6c              Src/main.o
uwTick              0x4               Drivers/STM32G4xx_HAL_Driver/Src/stm32g4xx_hal.o
xQueueRegistry      0x40              Middlewares/Third_Party/FreeRTOS/Source/queue.o
UserRxBufferFS      0x800             Src/usbd_cdc_if.o
hcomp1              0x24              Src/main.o
hcomp4              0x24              Src/main.o
hadc1               0x6c              Src/main.o
hadc3               0x6c              Src/main.o
UserTxBufferFS      0x800             Src/usbd_cdc_if.o
hrtc                0x28              Src/main.o
hfdcan1             0x64              Src/main.o
hcomp2              0x24              Src/main.o
hcomp3              0x24              Src/main.o
hspi1               0x64              Src/main.o
hadc4               0x6c              Src/main.o
hpcd_USB_FS         0x274             Src/usbd_conf.o
USBD_StrDesc        0x200             Src/usbd_desc.o
USERFile            0x230             Src/app_fatfs.o
USERFatFs           0x234             Src/app_fatfs.o

Discarded input sections

 .text          0x0000000000000000        0x0 c:/st/stm32cubeide_1.1.0/stm32cubeide/plugins/com.st.stm32cube.ide.mcu.externaltools.gnu-tools-for-stm32.7-2018-q2-update.win32_1.0.0.201904181610/tools/bin/../lib/gcc/arm-none-eabi/7.3.1/thumb/v7e-m/fpv4-sp/hard/crti.o
[...]
Memory Configuration

Name             Origin             Length             Attributes
RAM              0x0000000020000000 0x0000000000020000 xrw
FLASH            0x0000000008000000 0x0000000000080000 xr
*default*        0x0000000000000000 0xffffffffffffffff

Linker script and memory map

LOAD c:/st/stm32cubeide_1.1.0/stm32cubeide/plugins/com.st.stm32cube.ide.mcu.externaltools.gnu-tools-for-stm32.7-2018-q2-update.win32_1.0.0.201904181610/tools/bin/../lib/gcc/arm-none-eabi/7.3.1/thumb/v7e-m/fpv4-sp/hard/crti.o
LOAD c:/st/stm32cubeide_1.1.0/stm32cubeide/plugins/com.st.stm32cube.ide.mcu.externaltools.gnu-tools-for-stm32.7-2018-q2-update.win32_1.0.0.201904181610/tools/bin/../lib/gcc/arm-none-eabi/7.3.1/thumb/v7e-m/fpv4-sp/hard/crtbegin.o
LOAD c:/st/stm32cubeide_1.1.0/stm32cubeide/plugins/com.st.stm32cube.ide.mcu.externaltools.gnu-tools-for-stm32.7-2018-q2-update.win32_1.0.0.201904181610/tools/bin/../lib/gcc/arm-none-eabi/7.3.1/../../../../arm-none-eabi/lib/thumb/v7e-m/fpv4-sp/hard/crt0.o
LOAD Core/Startup/startup_stm32g474vetx.o
LOAD Drivers/STM32G4xx_HAL_Driver/Src/stm32g4xx_hal.o
LOAD Drivers/STM32G4xx_HAL_Driver/Src/stm32g4xx_hal_adc.o
LOAD Drivers/STM32G4xx_HAL_Driver/Src/stm32g4xx_hal_adc_ex.o
LOAD Drivers/STM32G4xx_HAL_Driver/Src/stm32g4xx_hal_comp.o
LOAD Drivers/STM32G4xx_HAL_Driver/Src/stm32g4xx_hal_cortex.o
LOAD Drivers/STM32G4xx_HAL_Driver/Src/stm32g4xx_hal_dma.o
LOAD Drivers/STM32G4xx_HAL_Driver/Src/stm32g4xx_hal_dma_ex.o
LOAD Drivers/STM32G4xx_HAL_Driver/Src/stm32g4xx_hal_exti.o
LOAD Drivers/STM32G4xx_HAL_Driver/Src/stm32g4xx_hal_fdcan.o
LOAD Drivers/STM32G4xx_HAL_Driver/Src/stm32g4xx_hal_flash.o
LOAD Drivers/STM32G4xx_HAL_Driver/Src/stm32g4xx_hal_flash_ex.o
LOAD Drivers/STM32G4xx_HAL_Driver/Src/stm32g4xx_hal_flash_ramfunc.o
LOAD Drivers/STM32G4xx_HAL_Driver/Src/stm32g4xx_hal_gpio.o
LOAD Drivers/STM32G4xx_HAL_Driver/Src/stm32g4xx_hal_pcd.o
LOAD Drivers/STM32G4xx_HAL_Driver/Src/stm32g4xx_hal_pcd_ex.o
LOAD Drivers/STM32G4xx_HAL_Driver/Src/stm32g4xx_hal_pwr.o
LOAD Drivers/STM32G4xx_HAL_Driver/Src/stm32g4xx_hal_pwr_ex.o
LOAD Drivers/STM32G4xx_HAL_Driver/Src/stm32g4xx_hal_rcc.o
LOAD Drivers/STM32G4xx_HAL_Driver/Src/stm32g4xx_hal_rcc_ex.o
LOAD Drivers/STM32G4xx_HAL_Driver/Src/stm32g4xx_hal_rtc.o
LOAD Drivers/STM32G4xx_HAL_Driver/Src/stm32g4xx_hal_rtc_ex.o
LOAD Drivers/STM32G4xx_HAL_Driver/Src/stm32g4xx_hal_spi.o
LOAD Drivers/STM32G4xx_HAL_Driver/Src/stm32g4xx_hal_spi_ex.o
LOAD Drivers/STM32G4xx_HAL_Driver/Src/stm32g4xx_hal_tim.o
LOAD Drivers/STM32G4xx_HAL_Driver/Src/stm32g4xx_hal_tim_ex.o
LOAD Drivers/STM32G4xx_HAL_Driver/Src/stm32g4xx_ll_adc.o
LOAD Drivers/STM32G4xx_HAL_Driver/Src/stm32g4xx_ll_pwr.o
LOAD Drivers/STM32G4xx_HAL_Driver/Src/stm32g4xx_ll_usb.o
LOAD Middlewares/ST/STM32_USB_Device_Library/Class/CDC/Src/usbd_cdc.o
LOAD Middlewares/ST/STM32_USB_Device_Library/Core/Src/usbd_core.o
LOAD Middlewares/ST/STM32_USB_Device_Library/Core/Src/usbd_ctlreq.o
LOAD Middlewares/ST/STM32_USB_Device_Library/Core/Src/usbd_ioreq.o
LOAD Middlewares/Third_Party/FatFs/src/diskio.o
LOAD Middlewares/Third_Party/FatFs/src/ff.o
LOAD Middlewares/Third_Party/FatFs/src/ff_gen_drv.o
LOAD Middlewares/Third_Party/FatFs/src/option/syscall.o
LOAD Middlewares/Third_Party/FreeRTOS/Source/CMSIS_RTOS_V2/cmsis_os2.o
LOAD Middlewares/Third_Party/FreeRTOS/Source/croutine.o
LOAD Middlewares/Third_Party/FreeRTOS/Source/event_groups.o
LOAD Middlewares/Third_Party/FreeRTOS/Source/list.o
LOAD Middlewares/Third_Party/FreeRTOS/Source/queue.o
LOAD Middlewares/Third_Party/FreeRTOS/Source/stream_buffer.o
LOAD Middlewares/Third_Party/FreeRTOS/Source/tasks.o
LOAD Middlewares/Third_Party/FreeRTOS/Source/timers.o
LOAD Middlewares/Third_Party/FreeRTOS/Source/portable/GCC/ARM_CM4F/port.o
LOAD Middlewares/Third_Party/FreeRTOS/Source/portable/MemMang/heap_4.o
LOAD Src/app_fatfs.o
LOAD Src/app_freertos.o
LOAD Src/main.o
LOAD Src/stm32g4xx_hal_msp.o
LOAD Src/stm32g4xx_it.o
LOAD Src/system_stm32g4xx.o
LOAD Src/usb_device.o
LOAD Src/usbd_cdc_if.o
LOAD Src/usbd_conf.o
LOAD Src/usbd_desc.o
LOAD Src/user_diskio.o
START GROUP
LOAD c:/st/stm32cubeide_1.1.0/stm32cubeide/plugins/com.st.stm32cube.ide.mcu.externaltools.gnu-tools-for-stm32.7-2018-q2-update.win32_1.0.0.201904181610/tools/bin/../lib/gcc/arm-none-eabi/7.3.1/../../../../arm-none-eabi/lib/thumb/v7e-m/fpv4-sp/hard\libc_nano.a
LOAD c:/st/stm32cubeide_1.1.0/stm32cubeide/plugins/com.st.stm32cube.ide.mcu.externaltools.gnu-tools-for-stm32.7-2018-q2-update.win32_1.0.0.201904181610/tools/bin/../lib/gcc/arm-none-eabi/7.3.1/../../../../arm-none-eabi/lib/thumb/v7e-m/fpv4-sp/hard\libm.a
END GROUP
START GROUP
LOAD c:/st/stm32cubeide_1.1.0/stm32cubeide/plugins/com.st.stm32cube.ide.mcu.externaltools.gnu-tools-for-stm32.7-2018-q2-update.win32_1.0.0.201904181610/tools/bin/../lib/gcc/arm-none-eabi/7.3.1/thumb/v7e-m/fpv4-sp/hard\libgcc.a
LOAD c:/st/stm32cubeide_1.1.0/stm32cubeide/plugins/com.st.stm32cube.ide.mcu.externaltools.gnu-tools-for-stm32.7-2018-q2-update.win32_1.0.0.201904181610/tools/bin/../lib/gcc/arm-none-eabi/7.3.1/../../../../arm-none-eabi/lib/thumb/v7e-m/fpv4-sp/hard\libc_nano.a
END GROUP
START GROUP
LOAD c:/st/stm32cubeide_1.1.0/stm32cubeide/plugins/com.st.stm32cube.ide.mcu.externaltools.gnu-tools-for-stm32.7-2018-q2-update.win32_1.0.0.201904181610/tools/bin/../lib/gcc/arm-none-eabi/7.3.1/thumb/v7e-m/fpv4-sp/hard\libgcc.a
LOAD c:/st/stm32cubeide_1.1.0/stm32cubeide/plugins/com.st.stm32cube.ide.mcu.externaltools.gnu-tools-for-stm32.7-2018-q2-update.win32_1.0.0.201904181610/tools/bin/../lib/gcc/arm-none-eabi/7.3.1/../../../../arm-none-eabi/lib/thumb/v7e-m/fpv4-sp/hard\libc_nano.a
LOAD c:/st/stm32cubeide_1.1.0/stm32cubeide/plugins/com.st.stm32cube.ide.mcu.externaltools.gnu-tools-for-stm32.7-2018-q2-update.win32_1.0.0.201904181610/tools/bin/../lib/gcc/arm-none-eabi/7.3.1/../../../../arm-none-eabi/lib/thumb/v7e-m/fpv4-sp/hard\libnosys.a
END GROUP
START GROUP
LOAD c:/st/stm32cubeide_1.1.0/stm32cubeide/plugins/com.st.stm32cube.ide.mcu.externaltools.gnu-tools-for-stm32.7-2018-q2-update.win32_1.0.0.201904181610/tools/bin/../lib/gcc/arm-none-eabi/7.3.1/thumb/v7e-m/fpv4-sp/hard\libgcc.a
LOAD c:/st/stm32cubeide_1.1.0/stm32cubeide/plugins/com.st.stm32cube.ide.mcu.externaltools.gnu-tools-for-stm32.7-2018-q2-update.win32_1.0.0.201904181610/tools/bin/../lib/gcc/arm-none-eabi/7.3.1/../../../../arm-none-eabi/lib/thumb/v7e-m/fpv4-sp/hard\libc_nano.a
LOAD c:/st/stm32cubeide_1.1.0/stm32cubeide/plugins/com.st.stm32cube.ide.mcu.externaltools.gnu-tools-for-stm32.7-2018-q2-update.win32_1.0.0.201904181610/tools/bin/../lib/gcc/arm-none-eabi/7.3.1/../../../../arm-none-eabi/lib/thumb/v7e-m/fpv4-sp/hard\libnosys.a
END GROUP
LOAD c:/st/stm32cubeide_1.1.0/stm32cubeide/plugins/com.st.stm32cube.ide.mcu.externaltools.gnu-tools-for-stm32.7-2018-q2-update.win32_1.0.0.201904181610/tools/bin/../lib/gcc/arm-none-eabi/7.3.1/thumb/v7e-m/fpv4-sp/hard/crtend.o
LOAD c:/st/stm32cubeide_1.1.0/stm32cubeide/plugins/com.st.stm32cube.ide.mcu.externaltools.gnu-tools-for-stm32.7-2018-q2-update.win32_1.0.0.201904181610/tools/bin/../lib/gcc/arm-none-eabi/7.3.1/thumb/v7e-m/fpv4-sp/hard/crtn.o
                0x0000000020020000                _estack = (ORIGIN (RAM) + LENGTH (RAM))
                0x0000000000000200                _Min_Heap_Size = 0x200
                0x0000000000000400                _Min_Stack_Size = 0x400

.isr_vector     0x0000000008000000      0x1d8
                0x0000000008000000                . = ALIGN (0x4)
 *(.isr_vector)
 .isr_vector    0x0000000008000000      0x1d8 Core/Startup/startup_stm32g474vetx.o
                0x0000000008000000                g_pfnVectors
                0x00000000080001d8                . = ALIGN (0x4)

.text           0x00000000080001e0     0xb660
                0x00000000080001e0                . = ALIGN (0x4)
 *(.text)
 .text          0x00000000080001e0       0x40 c:/st/stm32cubeide_1.1.0/stm32cubeide/plugins/com.st.stm32cube.ide.mcu.externaltools.gnu-tools-for-stm32.7-2018-q2-update.win32_1.0.0.201904181610/tools/bin/../lib/gcc/arm-none-eabi/7.3.1/thumb/v7e-m/fpv4-sp/hard/crtbegin.o
 *(.text*)
 .text.Reset_Handler
                0x0000000008000220       0x50 Core/Startup/startup_stm32g474vetx.o
                0x0000000008000220                Reset_Handler
 .text.Default_Handler
                0x0000000008000270        0x2 Core/Startup/startup_stm32g474vetx.o
                0x0000000008000270                RTC_Alarm_IRQHandler
                0x0000000008000270                EXTI2_IRQHandler
                0x0000000008000270                TIM8_TRG_COM_IRQHandler
                0x0000000008000270                TIM8_CC_IRQHandler
                0x0000000008000270                HRTIM1_Master_IRQHandler
                0x0000000008000270                SPI4_IRQHandler
                0x0000000008000270                FDCAN3_IT0_IRQHandler
                0x0000000008000270                TIM1_CC_IRQHandler
                0x0000000008000270                HRTIM1_FLT_IRQHandler
                0x0000000008000270                HRTIM1_TIMF_IRQHandler
                0x0000000008000270                USB_HP_IRQHandler
                0x0000000008000270                CORDIC_IRQHandler
                0x0000000008000270                HRTIM1_TIMD_IRQHandler
                0x0000000008000270                DMA2_Channel8_IRQHandler
                0x0000000008000270                EXTI3_IRQHandler
                0x0000000008000270                I2C3_ER_IRQHandler
                0x0000000008000270                EXTI0_IRQHandler
                0x0000000008000270                I2C2_EV_IRQHandler
                0x0000000008000270                FPU_IRQHandler
                0x0000000008000270                FDCAN1_IT1_IRQHandler
                0x0000000008000270                TIM1_UP_TIM16_IRQHandler
                0x0000000008000270                ADC1_2_IRQHandler
                0x0000000008000270                HRTIM1_TIME_IRQHandler
                0x0000000008000270                SPI1_IRQHandler
                0x0000000008000270                TIM6_DAC_IRQHandler
                0x0000000008000270                HRTIM1_TIMC_IRQHandler
                0x0000000008000270                TIM8_UP_IRQHandler
                0x0000000008000270                DMA2_Channel2_IRQHandler
                0x0000000008000270                DMA1_Channel4_IRQHandler
                0x0000000008000270                TIM20_TRG_COM_IRQHandler
                0x0000000008000270                USART3_IRQHandler
                0x0000000008000270                DMA1_Channel7_IRQHandler
                0x0000000008000270                UART5_IRQHandler
                0x0000000008000270                ADC3_IRQHandler
                0x0000000008000270                TIM4_IRQHandler
                0x0000000008000270                DMA2_Channel1_IRQHandler
                0x0000000008000270                QUADSPI_IRQHandler
                0x0000000008000270                I2C1_EV_IRQHandler
                0x0000000008000270                DMA1_Channel6_IRQHandler
                0x0000000008000270                UART4_IRQHandler
                0x0000000008000270                DMA2_Channel4_IRQHandler
                0x0000000008000270                TIM3_IRQHandler
                0x0000000008000270                RCC_IRQHandler
                0x0000000008000270                TIM20_UP_IRQHandler
                0x0000000008000270                DMA1_Channel1_IRQHandler
                0x0000000008000270                Default_Handler
                0x0000000008000270                DMA2_Channel7_IRQHandler
                0x0000000008000270                RTC_TAMP_LSECSS_IRQHandler
                0x0000000008000270                FMAC_IRQHandler
                0x0000000008000270                EXTI15_10_IRQHandler
                0x0000000008000270                DMA1_Channel8_IRQHandler
                0x0000000008000270                HRTIM1_TIMA_IRQHandler
                0x0000000008000270                TIM7_DAC_IRQHandler
                0x0000000008000270                FDCAN3_IT1_IRQHandler
                0x0000000008000270                TIM5_IRQHandler
                0x0000000008000270                UCPD1_IRQHandler
                0x0000000008000270                I2C3_EV_IRQHandler
                0x0000000008000270                EXTI9_5_IRQHandler
                0x0000000008000270                RTC_WKUP_IRQHandler
                0x0000000008000270                PVD_PVM_IRQHandler
                0x0000000008000270                SPI2_IRQHandler
                0x0000000008000270                ADC5_IRQHandler
                0x0000000008000270                DMA2_Channel5_IRQHandler
                0x0000000008000270                CRS_IRQHandler
                0x0000000008000270                DMA1_Channel5_IRQHandler
                0x0000000008000270                EXTI4_IRQHandler
                0x0000000008000270                RNG_IRQHandler
                0x0000000008000270                HRTIM1_TIMB_IRQHandler
                0x0000000008000270                TIM1_TRG_COM_TIM17_IRQHandler
                0x0000000008000270                FDCAN2_IT1_IRQHandler
                0x0000000008000270                DMA1_Channel3_IRQHandler
                0x0000000008000270                ADC4_IRQHandler
                0x0000000008000270                WWDG_IRQHandler
                0x0000000008000270                I2C4_EV_IRQHandler
                0x0000000008000270                FDCAN2_IT0_IRQHandler
                0x0000000008000270                LPUART1_IRQHandler
                0x0000000008000270                DMA2_Channel6_IRQHandler
                0x0000000008000270                FDCAN1_IT0_IRQHandler
                0x0000000008000270                TIM2_IRQHandler
                0x0000000008000270                COMP7_IRQHandler
                0x0000000008000270                EXTI1_IRQHandler
                0x0000000008000270                USART2_IRQHandler
                0x0000000008000270                TIM20_BRK_IRQHandler
                0x0000000008000270                I2C2_ER_IRQHandler
                0x0000000008000270                DMA1_Channel2_IRQHandler
                0x0000000008000270                TIM8_BRK_IRQHandler
                0x0000000008000270                FLASH_IRQHandler
                0x0000000008000270                TIM20_CC_IRQHandler
                0x0000000008000270                USART1_IRQHandler
                0x0000000008000270                SPI3_IRQHandler
                0x0000000008000270                I2C1_ER_IRQHandler
                0x0000000008000270                FMC_IRQHandler
                0x0000000008000270                LPTIM1_IRQHandler
                0x0000000008000270                DMAMUX_OVR_IRQHandler
                0x0000000008000270                I2C4_ER_IRQHandler
                0x0000000008000270                USBWakeUp_IRQHandler
                0x0000000008000270                SAI1_IRQHandler
                0x0000000008000270                DMA2_Channel3_IRQHandler
                0x0000000008000270                TIM1_BRK_TIM15_IRQHandler
 .text.HAL_Init
                0x0000000008000272       0x30 Drivers/STM32G4xx_HAL_Driver/Src/stm32g4xx_hal.o
                0x0000000008000272                HAL_Init
 *fill*         0x00000000080002a2        0x2 
 .text.HAL_InitTick
                0x00000000080002a4       0x74 Drivers/STM32G4xx_HAL_Driver/Src/stm32g4xx_hal.o
                0x00000000080002a4                HAL_InitTick
 .text.HAL_IncTick
                0x0000000008000318       0x24 Drivers/STM32G4xx_HAL_Driver/Src/stm32g4xx_hal.o
                0x0000000008000318                HAL_IncTick
 .text.HAL_GetTick
                0x000000000800033c       0x18 Drivers/STM32G4xx_HAL_Driver/Src/stm32g4xx_hal.o
                0x000000000800033c                HAL_GetTick
 .text.LL_ADC_SetCommonClock
                0x0000000008000354       0x26 Drivers/STM32G4xx_HAL_Driver/Src/stm32g4xx_hal_adc.o
 .text.LL_ADC_SetCommonPathInternalCh
                0x000000000800037a       0x26 Drivers/STM32G4xx_HAL_Driver/Src/stm32g4xx_hal_adc.o
 .text.LL_ADC_GetCommonPathInternalCh
                0x00000000080003a0       0x1c Drivers/STM32G4xx_HAL_Driver/Src/stm32g4xx_hal_adc.o
 .text.LL_ADC_SetOffset
                0x00000000080003bc       0x44 Drivers/STM32G4xx_HAL_Driver/Src/stm32g4xx_hal_adc.o
 .text.LL_ADC_GetOffsetChannel
                0x0000000008000400       0x28 Drivers/STM32G4xx_HAL_Driver/Src/stm32g4xx_hal_adc.o
 .text.LL_ADC_SetOffsetState
                0x0000000008000428       0x30 Drivers/STM32G4xx_HAL_Driver/Src/stm32g4xx_hal_adc.o
 .text.LL_ADC_SetOffsetSign
                0x0000000008000458       0x30 Drivers/STM32G4xx_HAL_Driver/Src/stm32g4xx_hal_adc.o
 .text.LL_ADC_SetOffsetSaturation
                0x0000000008000488       0x30 Drivers/STM32G4xx_HAL_Driver/Src/stm32g4xx_hal_adc.o
 .text.LL_ADC_SetSamplingTimeCommonConfig
                0x00000000080004b8       0x26 Drivers/STM32G4xx_HAL_Driver/Src/stm32g4xx_hal_adc.o
 .text.LL_ADC_REG_SetSequencerRanks
                0x00000000080004de       0x52 Drivers/STM32G4xx_HAL_Driver/Src/stm32g4xx_hal_adc.o
 .text.LL_ADC_SetChannelSamplingTime
                0x0000000008000530       0x50 Drivers/STM32G4xx_HAL_Driver/Src/stm32g4xx_hal_adc.o
 .text.LL_ADC_SetChannelSingleDiff
                0x0000000008000580       0x48 Drivers/STM32G4xx_HAL_Driver/Src/stm32g4xx_hal_adc.o
 .text.LL_ADC_DisableDeepPowerDown
                0x00000000080005c8       0x24 Drivers/STM32G4xx_HAL_Driver/Src/stm32g4xx_hal_adc.o
 .text.LL_ADC_IsDeepPowerDownEnabled
                0x00000000080005ec       0x28 Drivers/STM32G4xx_HAL_Driver/Src/stm32g4xx_hal_adc.o
 .text.LL_ADC_EnableInternalRegulator
                0x0000000008000614       0x28 Drivers/STM32G4xx_HAL_Driver/Src/stm32g4xx_hal_adc.o
 .text.LL_ADC_IsInternalRegulatorEnabled
                0x000000000800063c       0x28 Drivers/STM32G4xx_HAL_Driver/Src/stm32g4xx_hal_adc.o
 .text.LL_ADC_IsEnabled
                0x0000000008000664       0x26 Drivers/STM32G4xx_HAL_Driver/Src/stm32g4xx_hal_adc.o
 .text.LL_ADC_REG_IsConversionOngoing
                0x000000000800068a       0x26 Drivers/STM32G4xx_HAL_Driver/Src/stm32g4xx_hal_adc.o
 .text.LL_ADC_INJ_IsConversionOngoing
                0x00000000080006b0       0x26 Drivers/STM32G4xx_HAL_Driver/Src/stm32g4xx_hal_adc.o
 *fill*         0x00000000080006d6        0x2 
 .text.HAL_ADC_Init
                0x00000000080006d8      0x380 Drivers/STM32G4xx_HAL_Driver/Src/stm32g4xx_hal_adc.o
                0x00000000080006d8                HAL_ADC_Init
 .text.HAL_ADC_ConfigChannel
                0x0000000008000a58      0x760 Drivers/STM32G4xx_HAL_Driver/Src/stm32g4xx_hal_adc.o
                0x0000000008000a58                HAL_ADC_ConfigChannel
 .text.LL_ADC_IsEnabled
                0x00000000080011b8       0x26 Drivers/STM32G4xx_HAL_Driver/Src/stm32g4xx_hal_adc_ex.o
 .text.LL_ADC_REG_IsConversionOngoing
                0x00000000080011de       0x26 Drivers/STM32G4xx_HAL_Driver/Src/stm32g4xx_hal_adc_ex.o
 .text.HAL_ADCEx_MultiModeConfigChannel
                0x0000000008001204      0x208 Drivers/STM32G4xx_HAL_Driver/Src/stm32g4xx_hal_adc_ex.o
                0x0000000008001204                HAL_ADCEx_MultiModeConfigChannel
 .text.LL_EXTI_EnableIT_0_31
                0x000000000800140c       0x24 Drivers/STM32G4xx_HAL_Driver/Src/stm32g4xx_hal_comp.o
 .text.LL_EXTI_EnableIT_32_63
                0x0000000008001430       0x24 Drivers/STM32G4xx_HAL_Driver/Src/stm32g4xx_hal_comp.o
 .text.LL_EXTI_DisableIT_0_31
                0x0000000008001454       0x28 Drivers/STM32G4xx_HAL_Driver/Src/stm32g4xx_hal_comp.o
 .text.LL_EXTI_DisableIT_32_63
                0x000000000800147c       0x28 Drivers/STM32G4xx_HAL_Driver/Src/stm32g4xx_hal_comp.o
 .text.LL_EXTI_EnableEvent_0_31
                0x00000000080014a4       0x24 Drivers/STM32G4xx_HAL_Driver/Src/stm32g4xx_hal_comp.o
 .text.LL_EXTI_EnableEvent_32_63
                0x00000000080014c8       0x24 Drivers/STM32G4xx_HAL_Driver/Src/stm32g4xx_hal_comp.o
 .text.LL_EXTI_DisableEvent_0_31
                0x00000000080014ec       0x28 Drivers/STM32G4xx_HAL_Driver/Src/stm32g4xx_hal_comp.o
 .text.LL_EXTI_DisableEvent_32_63
                0x0000000008001514       0x28 Drivers/STM32G4xx_HAL_Driver/Src/stm32g4xx_hal_comp.o
 .text.LL_EXTI_EnableRisingTrig_0_31
                0x000000000800153c       0x24 Drivers/STM32G4xx_HAL_Driver/Src/stm32g4xx_hal_comp.o
 .text.LL_EXTI_EnableRisingTrig_32_63
                0x0000000008001560       0x24 Drivers/STM32G4xx_HAL_Driver/Src/stm32g4xx_hal_comp.o
 .text.LL_EXTI_DisableRisingTrig_0_31
                0x0000000008001584       0x28 Drivers/STM32G4xx_HAL_Driver/Src/stm32g4xx_hal_comp.o
 .text.LL_EXTI_DisableRisingTrig_32_63
                0x00000000080015ac       0x28 Drivers/STM32G4xx_HAL_Driver/Src/stm32g4xx_hal_comp.o
 .text.LL_EXTI_EnableFallingTrig_0_31
                0x00000000080015d4       0x24 Drivers/STM32G4xx_HAL_Driver/Src/stm32g4xx_hal_comp.o
 .text.LL_EXTI_EnableFallingTrig_32_63
                0x00000000080015f8       0x24 Drivers/STM32G4xx_HAL_Driver/Src/stm32g4xx_hal_comp.o
 .text.LL_EXTI_DisableFallingTrig_0_31
                0x000000000800161c       0x28 Drivers/STM32G4xx_HAL_Driver/Src/stm32g4xx_hal_comp.o
 .text.LL_EXTI_DisableFallingTrig_32_63
                0x0000000008001644       0x28 Drivers/STM32G4xx_HAL_Driver/Src/stm32g4xx_hal_comp.o
 .text.LL_EXTI_IsActiveFlag_0_31
                0x000000000800166c       0x2c Drivers/STM32G4xx_HAL_Driver/Src/stm32g4xx_hal_comp.o
 .text.LL_EXTI_IsActiveFlag_32_63
                0x0000000008001698       0x2c Drivers/STM32G4xx_HAL_Driver/Src/stm32g4xx_hal_comp.o
 .text.LL_EXTI_ClearFlag_0_31
                0x00000000080016c4       0x20 Drivers/STM32G4xx_HAL_Driver/Src/stm32g4xx_hal_comp.o
 .text.LL_EXTI_ClearFlag_32_63
                0x00000000080016e4       0x20 Drivers/STM32G4xx_HAL_Driver/Src/stm32g4xx_hal_comp.o
 .text.HAL_COMP_Init
                0x0000000008001704      0x328 Drivers/STM32G4xx_HAL_Driver/Src/stm32g4xx_hal_comp.o
                0x0000000008001704                HAL_COMP_Init
 .text.HAL_COMP_IRQHandler
                0x0000000008001a2c       0xe8 Drivers/STM32G4xx_HAL_Driver/Src/stm32g4xx_hal_comp.o
                0x0000000008001a2c                HAL_COMP_IRQHandler
 .text.HAL_COMP_TriggerCallback
                0x0000000008001b14       0x14 Drivers/STM32G4xx_HAL_Driver/Src/stm32g4xx_hal_comp.o
                0x0000000008001b14                HAL_COMP_TriggerCallback
 .text.__NVIC_SetPriorityGrouping
                0x0000000008001b28       0x48 Drivers/STM32G4xx_HAL_Driver/Src/stm32g4xx_hal_cortex.o
 .text.__NVIC_GetPriorityGrouping
                0x0000000008001b70       0x1c Drivers/STM32G4xx_HAL_Driver/Src/stm32g4xx_hal_cortex.o
 .text.__NVIC_EnableIRQ
                0x0000000008001b8c       0x3c Drivers/STM32G4xx_HAL_Driver/Src/stm32g4xx_hal_cortex.o
 .text.__NVIC_SetPriority
                0x0000000008001bc8       0x54 Drivers/STM32G4xx_HAL_Driver/Src/stm32g4xx_hal_cortex.o
 .text.NVIC_EncodePriority
                0x0000000008001c1c       0x66 Drivers/STM32G4xx_HAL_Driver/Src/stm32g4xx_hal_cortex.o
 *fill*         0x0000000008001c82        0x2 
 .text.SysTick_Config
                0x0000000008001c84       0x44 Drivers/STM32G4xx_HAL_Driver/Src/stm32g4xx_hal_cortex.o
 .text.HAL_NVIC_SetPriorityGrouping
                0x0000000008001cc8       0x16 Drivers/STM32G4xx_HAL_Driver/Src/stm32g4xx_hal_cortex.o
                0x0000000008001cc8                HAL_NVIC_SetPriorityGrouping
 .text.HAL_NVIC_SetPriority
                0x0000000008001cde       0x34 Drivers/STM32G4xx_HAL_Driver/Src/stm32g4xx_hal_cortex.o
                0x0000000008001cde                HAL_NVIC_SetPriority
 .text.HAL_NVIC_EnableIRQ
                0x0000000008001d12       0x1c Drivers/STM32G4xx_HAL_Driver/Src/stm32g4xx_hal_cortex.o
                0x0000000008001d12                HAL_NVIC_EnableIRQ
 .text.HAL_SYSTICK_Config
                0x0000000008001d2e       0x18 Drivers/STM32G4xx_HAL_Driver/Src/stm32g4xx_hal_cortex.o
                0x0000000008001d2e                HAL_SYSTICK_Config
 *fill*         0x0000000008001d46        0x2 
 .text.HAL_FDCAN_Init
                0x0000000008001d48      0x2b4 Drivers/STM32G4xx_HAL_Driver/Src/stm32g4xx_hal_fdcan.o
                0x0000000008001d48                HAL_FDCAN_Init
 .text.FDCAN_CalcultateRamBlockAddresses
                0x0000000008001ffc       0xd8 Drivers/STM32G4xx_HAL_Driver/Src/stm32g4xx_hal_fdcan.o
 .text.HAL_GPIO_Init
                0x00000000080020d4      0x304 Drivers/STM32G4xx_HAL_Driver/Src/stm32g4xx_hal_gpio.o
                0x00000000080020d4                HAL_GPIO_Init
 .text.HAL_GPIO_WritePin
                0x00000000080023d8       0x30 Drivers/STM32G4xx_HAL_Driver/Src/stm32g4xx_hal_gpio.o
                0x00000000080023d8                HAL_GPIO_WritePin
 .text.HAL_PCD_Init
                0x0000000008002408      0x176 Drivers/STM32G4xx_HAL_Driver/Src/stm32g4xx_hal_pcd.o
                0x0000000008002408                HAL_PCD_Init
 .text.HAL_PCD_Start
                0x000000000800257e       0x44 Drivers/STM32G4xx_HAL_Driver/Src/stm32g4xx_hal_pcd.o
                0x000000000800257e                HAL_PCD_Start
 .text.HAL_PCD_IRQHandler
                0x00000000080025c2      0x2b2 Drivers/STM32G4xx_HAL_Driver/Src/stm32g4xx_hal_pcd.o
                0x00000000080025c2                HAL_PCD_IRQHandler
 .text.HAL_PCD_SetAddress
                0x0000000008002874       0x4a Drivers/STM32G4xx_HAL_Driver/Src/stm32g4xx_hal_pcd.o
                0x0000000008002874                HAL_PCD_SetAddress
 .text.HAL_PCD_EP_Open
                0x00000000080028be       0xc0 Drivers/STM32G4xx_HAL_Driver/Src/stm32g4xx_hal_pcd.o
                0x00000000080028be                HAL_PCD_EP_Open
 .text.HAL_PCD_EP_Close
                0x000000000800297e       0x84 Drivers/STM32G4xx_HAL_Driver/Src/stm32g4xx_hal_pcd.o
                0x000000000800297e                HAL_PCD_EP_Close
 .text.HAL_PCD_EP_Receive
                0x0000000008002a02       0x74 Drivers/STM32G4xx_HAL_Driver/Src/stm32g4xx_hal_pcd.o
                0x0000000008002a02                HAL_PCD_EP_Receive
 .text.HAL_PCD_EP_GetRxCount
                0x0000000008002a76       0x2a Drivers/STM32G4xx_HAL_Driver/Src/stm32g4xx_hal_pcd.o
                0x0000000008002a76                HAL_PCD_EP_GetRxCount
 .text.HAL_PCD_EP_Transmit
                0x0000000008002aa0       0x72 Drivers/STM32G4xx_HAL_Driver/Src/stm32g4xx_hal_pcd.o
                0x0000000008002aa0                HAL_PCD_EP_Transmit
 .text.HAL_PCD_EP_SetStall
                0x0000000008002b12       0xb4 Drivers/STM32G4xx_HAL_Driver/Src/stm32g4xx_hal_pcd.o
                0x0000000008002b12                HAL_PCD_EP_SetStall
 .text.HAL_PCD_EP_ClrStall
                0x0000000008002bc6       0x9c Drivers/STM32G4xx_HAL_Driver/Src/stm32g4xx_hal_pcd.o
                0x0000000008002bc6                HAL_PCD_EP_ClrStall
 *fill*         0x0000000008002c62        0x2 
 .text.PCD_EP_ISR_Handler
                0x0000000008002c64      0x518 Drivers/STM32G4xx_HAL_Driver/Src/stm32g4xx_hal_pcd.o
 .text.HAL_PCDEx_PMAConfig
                0x000000000800317c       0x7a Drivers/STM32G4xx_HAL_Driver/Src/stm32g4xx_hal_pcd_ex.o
                0x000000000800317c                HAL_PCDEx_PMAConfig
 .text.HAL_PCDEx_ActivateLPM
                0x00000000080031f6       0x54 Drivers/STM32G4xx_HAL_Driver/Src/stm32g4xx_hal_pcd_ex.o
                0x00000000080031f6                HAL_PCDEx_ActivateLPM
 *fill*         0x000000000800324a        0x2 
 .text.HAL_PWREx_ControlVoltageScaling
                0x000000000800324c      0x148 Drivers/STM32G4xx_HAL_Driver/Src/stm32g4xx_hal_pwr_ex.o
                0x000000000800324c                HAL_PWREx_ControlVoltageScaling
 .text.HAL_RCC_OscConfig
                0x0000000008003394      0x630 Drivers/STM32G4xx_HAL_Driver/Src/stm32g4xx_hal_rcc.o
                0x0000000008003394                HAL_RCC_OscConfig
 .text.HAL_RCC_ClockConfig
                0x00000000080039c4      0x278 Drivers/STM32G4xx_HAL_Driver/Src/stm32g4xx_hal_rcc.o
                0x00000000080039c4                HAL_RCC_ClockConfig
 .text.HAL_RCC_GetSysClockFreq
                0x0000000008003c3c       0xc4 Drivers/STM32G4xx_HAL_Driver/Src/stm32g4xx_hal_rcc.o
                0x0000000008003c3c                HAL_RCC_GetSysClockFreq
 .text.RCC_GetSysClockFreqFromPLLSource
                0x0000000008003d00       0x8c Drivers/STM32G4xx_HAL_Driver/Src/stm32g4xx_hal_rcc.o
 .text.HAL_RCCEx_PeriphCLKConfig
                0x0000000008003d8c      0x498 Drivers/STM32G4xx_HAL_Driver/Src/stm32g4xx_hal_rcc_ex.o
                0x0000000008003d8c                HAL_RCCEx_PeriphCLKConfig
 .text.HAL_RTC_Init
                0x0000000008004224       0xdc Drivers/STM32G4xx_HAL_Driver/Src/stm32g4xx_hal_rtc.o
                0x0000000008004224                HAL_RTC_Init
 .text.HAL_RTC_SetTime
                0x0000000008004300      0x12c Drivers/STM32G4xx_HAL_Driver/Src/stm32g4xx_hal_rtc.o
                0x0000000008004300                HAL_RTC_SetTime
 .text.HAL_RTC_SetDate
                0x000000000800442c      0x10c Drivers/STM32G4xx_HAL_Driver/Src/stm32g4xx_hal_rtc.o
                0x000000000800442c                HAL_RTC_SetDate
 .text.HAL_RTC_WaitForSynchro
                0x0000000008004538       0x4c Drivers/STM32G4xx_HAL_Driver/Src/stm32g4xx_hal_rtc.o
                0x0000000008004538                HAL_RTC_WaitForSynchro
 .text.RTC_EnterInitMode
                0x0000000008004584       0x68 Drivers/STM32G4xx_HAL_Driver/Src/stm32g4xx_hal_rtc.o
                0x0000000008004584                RTC_EnterInitMode
 .text.RTC_ExitInitMode
                0x00000000080045ec       0x7c Drivers/STM32G4xx_HAL_Driver/Src/stm32g4xx_hal_rtc.o
                0x00000000080045ec                RTC_ExitInitMode
 .text.RTC_ByteToBcd2
                0x0000000008004668       0x40 Drivers/STM32G4xx_HAL_Driver/Src/stm32g4xx_hal_rtc.o
                0x0000000008004668                RTC_ByteToBcd2
 .text.HAL_SPI_Init
                0x00000000080046a8      0x124 Drivers/STM32G4xx_HAL_Driver/Src/stm32g4xx_hal_spi.o
                0x00000000080046a8                HAL_SPI_Init
 .text.USB_EnableGlobalInt
                0x00000000080047cc       0x30 Drivers/STM32G4xx_HAL_Driver/Src/stm32g4xx_ll_usb.o
                0x00000000080047cc                USB_EnableGlobalInt
 .text.USB_DisableGlobalInt
                0x00000000080047fc       0x3a Drivers/STM32G4xx_HAL_Driver/Src/stm32g4xx_ll_usb.o
                0x00000000080047fc                USB_DisableGlobalInt
 .text.USB_DevInit
                0x0000000008004836       0x48 Drivers/STM32G4xx_HAL_Driver/Src/stm32g4xx_ll_usb.o
                0x0000000008004836                USB_DevInit
 *fill*         0x000000000800487e        0x2 
 .text.USB_ActivateEndpoint
                0x0000000008004880      0x5e0 Drivers/STM32G4xx_HAL_Driver/Src/stm32g4xx_ll_usb.o
                0x0000000008004880                USB_ActivateEndpoint
 .text.USB_DeactivateEndpoint
                0x0000000008004e60      0x32c Drivers/STM32G4xx_HAL_Driver/Src/stm32g4xx_ll_usb.o
                0x0000000008004e60                USB_DeactivateEndpoint
 .text.USB_EPStartXfer
                0x000000000800518c      0x570 Drivers/STM32G4xx_HAL_Driver/Src/stm32g4xx_ll_usb.o
                0x000000000800518c                USB_EPStartXfer
 .text.USB_EPSetStall
                0x00000000080056fc       0x84 Drivers/STM32G4xx_HAL_Driver/Src/stm32g4xx_ll_usb.o
                0x00000000080056fc                USB_EPSetStall
 .text.USB_EPClearStall
                0x0000000008005780      0x128 Drivers/STM32G4xx_HAL_Driver/Src/stm32g4xx_ll_usb.o
                0x0000000008005780                USB_EPClearStall
 .text.USB_SetDevAddress
                0x00000000080058a8       0x28 Drivers/STM32G4xx_HAL_Driver/Src/stm32g4xx_ll_usb.o
                0x00000000080058a8                USB_SetDevAddress
 .text.USB_DevConnect
                0x00000000080058d0       0x2e Drivers/STM32G4xx_HAL_Driver/Src/stm32g4xx_ll_usb.o
                0x00000000080058d0                USB_DevConnect
 .text.USB_ReadInterrupts
                0x00000000080058fe       0x20 Drivers/STM32G4xx_HAL_Driver/Src/stm32g4xx_ll_usb.o
                0x00000000080058fe                USB_ReadInterrupts
 .text.USB_EP0_OutStart
                0x000000000800591e       0x18 Drivers/STM32G4xx_HAL_Driver/Src/stm32g4xx_ll_usb.o
                0x000000000800591e                USB_EP0_OutStart
 .text.USB_WritePMA
                0x0000000008005936       0x82 Drivers/STM32G4xx_HAL_Driver/Src/stm32g4xx_ll_usb.o
                0x0000000008005936                USB_WritePMA
 .text.USB_ReadPMA
                0x00000000080059b8       0x98 Drivers/STM32G4xx_HAL_Driver/Src/stm32g4xx_ll_usb.o
                0x00000000080059b8                USB_ReadPMA
 .text.USBD_CDC_Init
                0x0000000008005a50       0xf4 Middlewares/ST/STM32_USB_Device_Library/Class/CDC/Src/usbd_cdc.o
 .text.USBD_CDC_DeInit
                0x0000000008005b44       0x6e Middlewares/ST/STM32_USB_Device_Library/Class/CDC/Src/usbd_cdc.o
 .text.USBD_CDC_Setup
                0x0000000008005bb2      0x140 Middlewares/ST/STM32_USB_Device_Library/Class/CDC/Src/usbd_cdc.o
 .text.USBD_CDC_DataIn
                0x0000000008005cf2       0xa0 Middlewares/ST/STM32_USB_Device_Library/Class/CDC/Src/usbd_cdc.o
 .text.USBD_CDC_DataOut
                0x0000000008005d92       0x56 Middlewares/ST/STM32_USB_Device_Library/Class/CDC/Src/usbd_cdc.o
 .text.USBD_CDC_EP0_RxReady
                0x0000000008005de8       0x50 Middlewares/ST/STM32_USB_Device_Library/Class/CDC/Src/usbd_cdc.o
 .text.USBD_CDC_GetFSCfgDesc
                0x0000000008005e38       0x20 Middlewares/ST/STM32_USB_Device_Library/Class/CDC/Src/usbd_cdc.o
 .text.USBD_CDC_GetHSCfgDesc
                0x0000000008005e58       0x20 Middlewares/ST/STM32_USB_Device_Library/Class/CDC/Src/usbd_cdc.o
 .text.USBD_CDC_GetOtherSpeedCfgDesc
                0x0000000008005e78       0x20 Middlewares/ST/STM32_USB_Device_Library/Class/CDC/Src/usbd_cdc.o
 .text.USBD_CDC_GetDeviceQualifierDescriptor
                0x0000000008005e98       0x20 Middlewares/ST/STM32_USB_Device_Library/Class/CDC/Src/usbd_cdc.o
                0x0000000008005e98                USBD_CDC_GetDeviceQualifierDescriptor
 .text.USBD_CDC_RegisterInterface
                0x0000000008005eb8       0x2e Middlewares/ST/STM32_USB_Device_Library/Class/CDC/Src/usbd_cdc.o
                0x0000000008005eb8                USBD_CDC_RegisterInterface
 .text.USBD_CDC_SetTxBuffer
                0x0000000008005ee6       0x34 Middlewares/ST/STM32_USB_Device_Library/Class/CDC/Src/usbd_cdc.o
                0x0000000008005ee6                USBD_CDC_SetTxBuffer
 .text.USBD_CDC_SetRxBuffer
                0x0000000008005f1a       0x28 Middlewares/ST/STM32_USB_Device_Library/Class/CDC/Src/usbd_cdc.o
                0x0000000008005f1a                USBD_CDC_SetRxBuffer
 .text.USBD_CDC_ReceivePacket
                0x0000000008005f42       0x54 Middlewares/ST/STM32_USB_Device_Library/Class/CDC/Src/usbd_cdc.o
                0x0000000008005f42                USBD_CDC_ReceivePacket
 .text.USBD_Init
                0x0000000008005f96       0x56 Middlewares/ST/STM32_USB_Device_Library/Core/Src/usbd_core.o
                0x0000000008005f96                USBD_Init
 .text.USBD_RegisterClass
                0x0000000008005fec       0x34 Middlewares/ST/STM32_USB_Device_Library/Core/Src/usbd_core.o
                0x0000000008005fec                USBD_RegisterClass
 .text.USBD_Start
                0x0000000008006020       0x18 Middlewares/ST/STM32_USB_Device_Library/Core/Src/usbd_core.o
                0x0000000008006020                USBD_Start
 .text.USBD_RunTestMode
                0x0000000008006038       0x16 Middlewares/ST/STM32_USB_Device_Library/Core/Src/usbd_core.o
                0x0000000008006038                USBD_RunTestMode
 .text.USBD_SetClassConfig
                0x000000000800604e       0x3e Middlewares/ST/STM32_USB_Device_Library/Core/Src/usbd_core.o
                0x000000000800604e                USBD_SetClassConfig
 .text.USBD_ClrClassConfig
                0x000000000800608c       0x26 Middlewares/ST/STM32_USB_Device_Library/Core/Src/usbd_core.o
                0x000000000800608c                USBD_ClrClassConfig
 .text.USBD_LL_SetupStage
                0x00000000080060b2       0x96 Middlewares/ST/STM32_USB_Device_Library/Core/Src/usbd_core.o
                0x00000000080060b2                USBD_LL_SetupStage
 .text.USBD_LL_DataOutStage
                0x0000000008006148       0xe2 Middlewares/ST/STM32_USB_Device_Library/Core/Src/usbd_core.o
                0x0000000008006148                USBD_LL_DataOutStage
 .text.USBD_LL_DataInStage
                0x000000000800622a      0x14a Middlewares/ST/STM32_USB_Device_Library/Core/Src/usbd_core.o
                0x000000000800622a                USBD_LL_DataInStage
 .text.USBD_LL_Reset
                0x0000000008006374       0x82 Middlewares/ST/STM32_USB_Device_Library/Core/Src/usbd_core.o
                0x0000000008006374                USBD_LL_Reset
 .text.USBD_LL_SetSpeed
                0x00000000080063f6       0x20 Middlewares/ST/STM32_USB_Device_Library/Core/Src/usbd_core.o
                0x00000000080063f6                USBD_LL_SetSpeed
 .text.USBD_LL_Suspend
                0x0000000008006416       0x2a Middlewares/ST/STM32_USB_Device_Library/Core/Src/usbd_core.o
                0x0000000008006416                USBD_LL_Suspend
 .text.USBD_LL_Resume
                0x0000000008006440       0x2c Middlewares/ST/STM32_USB_Device_Library/Core/Src/usbd_core.o
                0x0000000008006440                USBD_LL_Resume
 .text.USBD_LL_SOF
                0x000000000800646c       0x34 Middlewares/ST/STM32_USB_Device_Library/Core/Src/usbd_core.o
                0x000000000800646c                USBD_LL_SOF
 .text.USBD_StdDevReq
                0x00000000080064a0       0xd4 Middlewares/ST/STM32_USB_Device_Library/Core/Src/usbd_ctlreq.o
                0x00000000080064a0                USBD_StdDevReq
 .text.USBD_StdItfReq
                0x0000000008006574       0x8c Middlewares/ST/STM32_USB_Device_Library/Core/Src/usbd_ctlreq.o
                0x0000000008006574                USBD_StdItfReq
 .text.USBD_StdEPReq
                0x0000000008006600      0x2ba Middlewares/ST/STM32_USB_Device_Library/Core/Src/usbd_ctlreq.o
                0x0000000008006600                USBD_StdEPReq
 *fill*         0x00000000080068ba        0x2 
 .text.USBD_GetDescriptor
                0x00000000080068bc      0x324 Middlewares/ST/STM32_USB_Device_Library/Core/Src/usbd_ctlreq.o
 .text.USBD_SetAddress
                0x0000000008006be0       0x84 Middlewares/ST/STM32_USB_Device_Library/Core/Src/usbd_ctlreq.o
 .text.USBD_SetConfig
                0x0000000008006c64      0x11c Middlewares/ST/STM32_USB_Device_Library/Core/Src/usbd_ctlreq.o
 .text.USBD_GetConfig
                0x0000000008006d80       0x68 Middlewares/ST/STM32_USB_Device_Library/Core/Src/usbd_ctlreq.o
 .text.USBD_GetStatus
                0x0000000008006de8       0x66 Middlewares/ST/STM32_USB_Device_Library/Core/Src/usbd_ctlreq.o
 .text.USBD_SetFeature
                0x0000000008006e4e       0x28 Middlewares/ST/STM32_USB_Device_Library/Core/Src/usbd_ctlreq.o
 .text.USBD_ClrFeature
                0x0000000008006e76       0x42 Middlewares/ST/STM32_USB_Device_Library/Core/Src/usbd_ctlreq.o
 .text.USBD_ParseSetupRequest
                0x0000000008006eb8       0x7a Middlewares/ST/STM32_USB_Device_Library/Core/Src/usbd_ctlreq.o
                0x0000000008006eb8                USBD_ParseSetupRequest
 .text.USBD_CtlError
                0x0000000008006f32       0x22 Middlewares/ST/STM32_USB_Device_Library/Core/Src/usbd_ctlreq.o
                0x0000000008006f32                USBD_CtlError
 .text.USBD_GetString
                0x0000000008006f54       0x84 Middlewares/ST/STM32_USB_Device_Library/Core/Src/usbd_ctlreq.o
                0x0000000008006f54                USBD_GetString
 .text.USBD_GetLen
                0x0000000008006fd8       0x30 Middlewares/ST/STM32_USB_Device_Library/Core/Src/usbd_ctlreq.o
 .text.USBD_CtlSendData
                0x0000000008007008       0x38 Middlewares/ST/STM32_USB_Device_Library/Core/Src/usbd_ioreq.o
                0x0000000008007008                USBD_CtlSendData
 .text.USBD_CtlContinueSendData
                0x0000000008007040       0x24 Middlewares/ST/STM32_USB_Device_Library/Core/Src/usbd_ioreq.o
                0x0000000008007040                USBD_CtlContinueSendData
 .text.USBD_CtlPrepareRx
                0x0000000008007064       0x3c Middlewares/ST/STM32_USB_Device_Library/Core/Src/usbd_ioreq.o
                0x0000000008007064                USBD_CtlPrepareRx
 .text.USBD_CtlContinueRx
                0x00000000080070a0       0x24 Middlewares/ST/STM32_USB_Device_Library/Core/Src/usbd_ioreq.o
                0x00000000080070a0                USBD_CtlContinueRx
 .text.USBD_CtlSendStatus
                0x00000000080070c4       0x26 Middlewares/ST/STM32_USB_Device_Library/Core/Src/usbd_ioreq.o
                0x00000000080070c4                USBD_CtlSendStatus
 .text.USBD_CtlReceiveStatus
                0x00000000080070ea       0x26 Middlewares/ST/STM32_USB_Device_Library/Core/Src/usbd_ioreq.o
                0x00000000080070ea                USBD_CtlReceiveStatus
 .text.FATFS_LinkDriverEx
                0x0000000008007110       0x98 Middlewares/Third_Party/FatFs/src/ff_gen_drv.o
                0x0000000008007110                FATFS_LinkDriverEx
 .text.FATFS_LinkDriver
                0x00000000080071a8       0x1e Middlewares/Third_Party/FatFs/src/ff_gen_drv.o
                0x00000000080071a8                FATFS_LinkDriver
 *fill*         0x00000000080071c6        0x2 
 .text.osKernelInitialize
                0x00000000080071c8       0x68 Middlewares/Third_Party/FreeRTOS/Source/CMSIS_RTOS_V2/cmsis_os2.o
                0x00000000080071c8                osKernelInitialize
 .text.osKernelStart
                0x0000000008007230       0x68 Middlewares/Third_Party/FreeRTOS/Source/CMSIS_RTOS_V2/cmsis_os2.o
                0x0000000008007230                osKernelStart
 .text.osThreadNew
                0x0000000008007298      0x154 Middlewares/Third_Party/FreeRTOS/Source/CMSIS_RTOS_V2/cmsis_os2.o
                0x0000000008007298                osThreadNew
 .text.osDelay  0x00000000080073ec       0x5c Middlewares/Third_Party/FreeRTOS/Source/CMSIS_RTOS_V2/cmsis_os2.o
                0x00000000080073ec                osDelay
 .text.vApplicationGetIdleTaskMemory
                0x0000000008007448       0x34 Middlewares/Third_Party/FreeRTOS/Source/CMSIS_RTOS_V2/cmsis_os2.o
                0x0000000008007448                vApplicationGetIdleTaskMemory
 .text.vApplicationGetTimerTaskMemory
                0x000000000800747c       0x34 Middlewares/Third_Party/FreeRTOS/Source/CMSIS_RTOS_V2/cmsis_os2.o
                0x000000000800747c                vApplicationGetTimerTaskMemory
 .text.vListInitialise
                0x00000000080074b0       0x40 Middlewares/Third_Party/FreeRTOS/Source/list.o
                0x00000000080074b0                vListInitialise
 .text.vListInitialiseItem
                0x00000000080074f0       0x1a Middlewares/Third_Party/FreeRTOS/Source/list.o
                0x00000000080074f0                vListInitialiseItem
 .text.vListInsertEnd
                0x000000000800750a       0x48 Middlewares/Third_Party/FreeRTOS/Source/list.o
                0x000000000800750a                vListInsertEnd
 .text.vListInsert
                0x0000000008007552       0x72 Middlewares/Third_Party/FreeRTOS/Source/list.o
                0x0000000008007552                vListInsert
 .text.uxListRemove
                0x00000000080075c4       0x54 Middlewares/Third_Party/FreeRTOS/Source/list.o
                0x00000000080075c4                uxListRemove
 .text.xQueueGenericReset
                0x0000000008007618       0xd0 Middlewares/Third_Party/FreeRTOS/Source/queue.o
                0x0000000008007618                xQueueGenericReset
 .text.xQueueGenericCreateStatic
                0x00000000080076e8       0xe4 Middlewares/Third_Party/FreeRTOS/Source/queue.o
                0x00000000080076e8                xQueueGenericCreateStatic
 .text.prvInitialiseNewQueue
                0x00000000080077cc       0x46 Middlewares/Third_Party/FreeRTOS/Source/queue.o
 *fill*         0x0000000008007812        0x2 
 .text.xQueueGenericSend
                0x0000000008007814      0x1f4 Middlewares/Third_Party/FreeRTOS/Source/queue.o
                0x0000000008007814                xQueueGenericSend
 .text.xQueueGenericSendFromISR
                0x0000000008007a08      0x128 Middlewares/Third_Party/FreeRTOS/Source/queue.o
                0x0000000008007a08                xQueueGenericSendFromISR
 .text.xQueueReceive
                0x0000000008007b30      0x1b8 Middlewares/Third_Party/FreeRTOS/Source/queue.o
                0x0000000008007b30                xQueueReceive
 .text.prvCopyDataToQueue
                0x0000000008007ce8       0xd4 Middlewares/Third_Party/FreeRTOS/Source/queue.o
 .text.prvCopyDataFromQueue
                0x0000000008007dbc       0x4c Middlewares/Third_Party/FreeRTOS/Source/queue.o
 .text.prvUnlockQueue
                0x0000000008007e08       0xa4 Middlewares/Third_Party/FreeRTOS/Source/queue.o
 .text.prvIsQueueEmpty
                0x0000000008007eac       0x2c Middlewares/Third_Party/FreeRTOS/Source/queue.o
 .text.prvIsQueueFull
                0x0000000008007ed8       0x30 Middlewares/Third_Party/FreeRTOS/Source/queue.o
 .text.vQueueAddToRegistry
                0x0000000008007f08       0x50 Middlewares/Third_Party/FreeRTOS/Source/queue.o
                0x0000000008007f08                vQueueAddToRegistry
 .text.vQueueWaitForMessageRestricted
                0x0000000008007f58       0x68 Middlewares/Third_Party/FreeRTOS/Source/queue.o
                0x0000000008007f58                vQueueWaitForMessageRestricted
 .text.xTaskCreateStatic
                0x0000000008007fc0       0xb2 Middlewares/Third_Party/FreeRTOS/Source/tasks.o
                0x0000000008007fc0                xTaskCreateStatic
 .text.xTaskCreate
                0x0000000008008072       0x8a Middlewares/Third_Party/FreeRTOS/Source/tasks.o
                0x0000000008008072                xTaskCreate
 .text.prvInitialiseNewTask
                0x00000000080080fc      0x10c Middlewares/Third_Party/FreeRTOS/Source/tasks.o
 .text.prvAddNewTaskToReadyList
                0x0000000008008208       0xe0 Middlewares/Third_Party/FreeRTOS/Source/tasks.o
 .text.vTaskDelay
                0x00000000080082e8       0x68 Middlewares/Third_Party/FreeRTOS/Source/tasks.o
                0x00000000080082e8                vTaskDelay
 .text.vTaskStartScheduler
                0x0000000008008350       0xc8 Middlewares/Third_Party/FreeRTOS/Source/tasks.o
                0x0000000008008350                vTaskStartScheduler
 .text.vTaskSuspendAll
                0x0000000008008418       0x1c Middlewares/Third_Party/FreeRTOS/Source/tasks.o
                0x0000000008008418                vTaskSuspendAll
 .text.xTaskResumeAll
                0x0000000008008434      0x138 Middlewares/Third_Party/FreeRTOS/Source/tasks.o
                0x0000000008008434                xTaskResumeAll
 .text.xTaskGetTickCount
                0x000000000800856c       0x20 Middlewares/Third_Party/FreeRTOS/Source/tasks.o
                0x000000000800856c                xTaskGetTickCount
 .text.xTaskIncrementTick
                0x000000000800858c      0x17c Middlewares/Third_Party/FreeRTOS/Source/tasks.o
                0x000000000800858c                xTaskIncrementTick
 .text.vTaskSwitchContext
                0x0000000008008708       0xb8 Middlewares/Third_Party/FreeRTOS/Source/tasks.o
                0x0000000008008708                vTaskSwitchContext
 .text.vTaskPlaceOnEventList
                0x00000000080087c0       0x48 Middlewares/Third_Party/FreeRTOS/Source/tasks.o
                0x00000000080087c0                vTaskPlaceOnEventList
 .text.vTaskPlaceOnEventListRestricted
                0x0000000008008808       0x54 Middlewares/Third_Party/FreeRTOS/Source/tasks.o
                0x0000000008008808                vTaskPlaceOnEventListRestricted
 .text.xTaskRemoveFromEventList
                0x000000000800885c       0xc4 Middlewares/Third_Party/FreeRTOS/Source/tasks.o
                0x000000000800885c                xTaskRemoveFromEventList
 .text.vTaskInternalSetTimeOutState
                0x0000000008008920       0x2c Middlewares/Third_Party/FreeRTOS/Source/tasks.o
                0x0000000008008920                vTaskInternalSetTimeOutState
 .text.xTaskCheckForTimeOut
                0x000000000800894c       0xc0 Middlewares/Third_Party/FreeRTOS/Source/tasks.o
                0x000000000800894c                xTaskCheckForTimeOut
 .text.vTaskMissedYield
                0x0000000008008a0c       0x18 Middlewares/Third_Party/FreeRTOS/Source/tasks.o
                0x0000000008008a0c                vTaskMissedYield
 .text.prvIdleTask
                0x0000000008008a24       0x30 Middlewares/Third_Party/FreeRTOS/Source/tasks.o
 .text.prvInitialiseTaskLists
                0x0000000008008a54       0x80 Middlewares/Third_Party/FreeRTOS/Source/tasks.o
 .text.prvCheckTasksWaitingTermination
                0x0000000008008ad4       0x58 Middlewares/Third_Party/FreeRTOS/Source/tasks.o
 .text.prvDeleteTCB
                0x0000000008008b2c       0x5c Middlewares/Third_Party/FreeRTOS/Source/tasks.o
 .text.prvResetNextTaskUnblockTime
                0x0000000008008b88       0x4c Middlewares/Third_Party/FreeRTOS/Source/tasks.o
 .text.xTaskGetSchedulerState
                0x0000000008008bd4       0x3c Middlewares/Third_Party/FreeRTOS/Source/tasks.o
                0x0000000008008bd4                xTaskGetSchedulerState
 .text.xTaskPriorityDisinherit
                0x0000000008008c10       0xd8 Middlewares/Third_Party/FreeRTOS/Source/tasks.o
                0x0000000008008c10                xTaskPriorityDisinherit
 .text.prvAddCurrentTaskToDelayedList
                0x0000000008008ce8       0xa8 Middlewares/Third_Party/FreeRTOS/Source/tasks.o
 .text.xTimerCreateTimerTask
                0x0000000008008d90       0x90 Middlewares/Third_Party/FreeRTOS/Source/timers.o
                0x0000000008008d90                xTimerCreateTimerTask
 .text.xTimerGenericCommand
                0x0000000008008e20       0x98 Middlewares/Third_Party/FreeRTOS/Source/timers.o
                0x0000000008008e20                xTimerGenericCommand
 .text.prvProcessExpiredTimer
                0x0000000008008eb8       0x80 Middlewares/Third_Party/FreeRTOS/Source/timers.o
 .text.prvTimerTask
                0x0000000008008f38       0x24 Middlewares/Third_Party/FreeRTOS/Source/timers.o
 .text.prvProcessTimerOrBlockTask
                0x0000000008008f5c       0x9c Middlewares/Third_Party/FreeRTOS/Source/timers.o
 .text.prvGetNextExpireTime
                0x0000000008008ff8       0x48 Middlewares/Third_Party/FreeRTOS/Source/timers.o
 .text.prvSampleTimeNow
                0x0000000008009040       0x40 Middlewares/Third_Party/FreeRTOS/Source/timers.o
 .text.prvInsertTimerInActiveList
                0x0000000008009080       0x84 Middlewares/Third_Party/FreeRTOS/Source/timers.o
 .text.prvProcessReceivedCommands
                0x0000000008009104      0x160 Middlewares/Third_Party/FreeRTOS/Source/timers.o
 .text.prvSwitchTimerLists
                0x0000000008009264       0xc0 Middlewares/Third_Party/FreeRTOS/Source/timers.o
 .text.prvCheckForValidListAndQueue
                0x0000000008009324       0x80 Middlewares/Third_Party/FreeRTOS/Source/timers.o
 .text.pxPortInitialiseStack
                0x00000000080093a4       0x68 Middlewares/Third_Party/FreeRTOS/Source/portable/GCC/ARM_CM4F/port.o
                0x00000000080093a4                pxPortInitialiseStack
 .text.prvTaskExitError
                0x000000000800940c       0x54 Middlewares/Third_Party/FreeRTOS/Source/portable/GCC/ARM_CM4F/port.o
 .text.SVC_Handler
                0x0000000008009460       0x28 Middlewares/Third_Party/FreeRTOS/Source/portable/GCC/ARM_CM4F/port.o
                0x0000000008009460                SVC_Handler
 .text.prvPortStartFirstTask
                0x0000000008009488       0x28 Middlewares/Third_Party/FreeRTOS/Source/portable/GCC/ARM_CM4F/port.o
 .text.xPortStartScheduler
                0x00000000080094b0      0x13c Middlewares/Third_Party/FreeRTOS/Source/portable/GCC/ARM_CM4F/port.o
                0x00000000080094b0                xPortStartScheduler
 .text.vPortEnterCritical
                0x00000000080095ec       0x5c Middlewares/Third_Party/FreeRTOS/Source/portable/GCC/ARM_CM4F/port.o
                0x00000000080095ec                vPortEnterCritical
 .text.vPortExitCritical
                0x0000000008009648       0x50 Middlewares/Third_Party/FreeRTOS/Source/portable/GCC/ARM_CM4F/port.o
                0x0000000008009648                vPortExitCritical
 *fill*         0x0000000008009698        0x8 
 .text.PendSV_Handler
                0x00000000080096a0       0x68 Middlewares/Third_Party/FreeRTOS/Source/portable/GCC/ARM_CM4F/port.o
                0x00000000080096a0                PendSV_Handler
 .text.xPortSysTickHandler
                0x0000000008009708       0x40 Middlewares/Third_Party/FreeRTOS/Source/portable/GCC/ARM_CM4F/port.o
                0x0000000008009708                xPortSysTickHandler
 .text.vPortSetupTimerInterrupt
                0x0000000008009748       0x48 Middlewares/Third_Party/FreeRTOS/Source/portable/GCC/ARM_CM4F/port.o
                0x0000000008009748                vPortSetupTimerInterrupt
 .text.vPortEnableVFP
                0x0000000008009790       0x14 Middlewares/Third_Party/FreeRTOS/Source/portable/GCC/ARM_CM4F/port.o
 .text.vPortValidateInterruptPriority
                0x00000000080097a4       0x7c Middlewares/Third_Party/FreeRTOS/Source/portable/GCC/ARM_CM4F/port.o
                0x00000000080097a4                vPortValidateInterruptPriority
 .text.pvPortMalloc
                0x0000000008009820      0x184 Middlewares/Third_Party/FreeRTOS/Source/portable/MemMang/heap_4.o
                0x0000000008009820                pvPortMalloc
 .text.vPortFree
                0x00000000080099a4       0xb0 Middlewares/Third_Party/FreeRTOS/Source/portable/MemMang/heap_4.o
                0x00000000080099a4                vPortFree
 .text.prvHeapInit
                0x0000000008009a54       0xc4 Middlewares/Third_Party/FreeRTOS/Source/portable/MemMang/heap_4.o
 .text.prvInsertBlockIntoFreeList
                0x0000000008009b18       0xb4 Middlewares/Third_Party/FreeRTOS/Source/portable/MemMang/heap_4.o
 .text.MX_FATFS_Init
                0x0000000008009bcc       0x30 Src/app_fatfs.o
                0x0000000008009bcc                MX_FATFS_Init
 .text.main     0x0000000008009bfc       0x84 Src/main.o
                0x0000000008009bfc                main
 .text.SystemClock_Config
                0x0000000008009c80       0xf0 Src/main.o
                0x0000000008009c80                SystemClock_Config
 .text.MX_ADC1_Init
                0x0000000008009d70       0xec Src/main.o
 .text.MX_ADC2_Init
                0x0000000008009e5c       0xc8 Src/main.o
 .text.MX_ADC3_Init
                0x0000000008009f24       0xf0 Src/main.o
 .text.MX_ADC4_Init
                0x000000000800a014       0xc8 Src/main.o
 .text.MX_ADC5_Init
                0x000000000800a0dc       0xc8 Src/main.o
 .text.MX_COMP1_Init
                0x000000000800a1a4       0x54 Src/main.o
 .text.MX_COMP2_Init
                0x000000000800a1f8       0x54 Src/main.o
 .text.MX_COMP3_Init
                0x000000000800a24c       0x54 Src/main.o
 .text.MX_COMP4_Init
                0x000000000800a2a0       0x50 Src/main.o
 .text.MX_FDCAN1_Init
                0x000000000800a2f0       0x90 Src/main.o
 .text.MX_RTC_Init
                0x000000000800a380       0xc4 Src/main.o
 .text.MX_SPI1_Init
                0x000000000800a444       0x7c Src/main.o
 .text.MX_GPIO_Init
                0x000000000800a4c0      0x1d8 Src/main.o
 .text.StartDefaultTask
                0x000000000800a698       0x18 Src/main.o
                0x000000000800a698                StartDefaultTask
 .text.Error_Handler
                0x000000000800a6b0        0xe Src/main.o
                0x000000000800a6b0                Error_Handler
 *fill*         0x000000000800a6be        0x2 
 .text.LL_PWR_DisableDeadBatteryPD
                0x000000000800a6c0       0x20 Src/stm32g4xx_hal_msp.o
 .text.HAL_MspInit
                0x000000000800a6e0       0x54 Src/stm32g4xx_hal_msp.o
                0x000000000800a6e0                HAL_MspInit
 .text.HAL_ADC_MspInit
                0x000000000800a734      0x2f4 Src/stm32g4xx_hal_msp.o
                0x000000000800a734                HAL_ADC_MspInit
 .text.HAL_COMP_MspInit
                0x000000000800aa28      0x16c Src/stm32g4xx_hal_msp.o
                0x000000000800aa28                HAL_COMP_MspInit
 .text.HAL_FDCAN_MspInit
                0x000000000800ab94       0x88 Src/stm32g4xx_hal_msp.o
                0x000000000800ab94                HAL_FDCAN_MspInit
 .text.HAL_RTC_MspInit
                0x000000000800ac1c       0x38 Src/stm32g4xx_hal_msp.o
                0x000000000800ac1c                HAL_RTC_MspInit
 .text.HAL_SPI_MspInit
                0x000000000800ac54       0x84 Src/stm32g4xx_hal_msp.o
                0x000000000800ac54                HAL_SPI_MspInit
 .text.NMI_Handler
                0x000000000800acd8        0xe Src/stm32g4xx_it.o
                0x000000000800acd8                NMI_Handler
 .text.HardFault_Handler
                0x000000000800ace6        0x6 Src/stm32g4xx_it.o
                0x000000000800ace6                HardFault_Handler
 .text.MemManage_Handler
                0x000000000800acec        0x6 Src/stm32g4xx_it.o
                0x000000000800acec                MemManage_Handler
 .text.BusFault_Handler
                0x000000000800acf2        0x6 Src/stm32g4xx_it.o
                0x000000000800acf2                BusFault_Handler
 .text.UsageFault_Handler
                0x000000000800acf8        0x6 Src/stm32g4xx_it.o
                0x000000000800acf8                UsageFault_Handler
 .text.DebugMon_Handler
                0x000000000800acfe        0xe Src/stm32g4xx_it.o
                0x000000000800acfe                DebugMon_Handler
 .text.SysTick_Handler
                0x000000000800ad0c       0x1a Src/stm32g4xx_it.o
                0x000000000800ad0c                SysTick_Handler
 *fill*         0x000000000800ad26        0x2 
 .text.USB_LP_IRQHandler
                0x000000000800ad28       0x14 Src/stm32g4xx_it.o
                0x000000000800ad28                USB_LP_IRQHandler
 .text.COMP1_2_3_IRQHandler
                0x000000000800ad3c       0x28 Src/stm32g4xx_it.o
                0x000000000800ad3c                COMP1_2_3_IRQHandler
 .text.COMP4_5_6_IRQHandler
                0x000000000800ad64       0x14 Src/stm32g4xx_it.o
                0x000000000800ad64                COMP4_5_6_IRQHandler
 .text.SystemInit
                0x000000000800ad78       0x2c Src/system_stm32g4xx.o
                0x000000000800ad78                SystemInit
 .text.MX_USB_Device_Init
                0x000000000800ada4       0x60 Src/usb_device.o
                0x000000000800ada4                MX_USB_Device_Init
 .text.CDC_Init_FS
                0x000000000800ae04       0x28 Src/usbd_cdc_if.o
 .text.CDC_DeInit_FS
                0x000000000800ae2c       0x10 Src/usbd_cdc_if.o
 .text.CDC_Control_FS
                0x000000000800ae3c       0xbc Src/usbd_cdc_if.o
 .text.CDC_Receive_FS
                0x000000000800aef8       0x28 Src/usbd_cdc_if.o
 .text.HAL_PCD_MspInit
                0x000000000800af20       0x4c Src/usbd_conf.o
                0x000000000800af20                HAL_PCD_MspInit
 .text.HAL_PCD_SetupStageCallback
                0x000000000800af6c       0x24 Src/usbd_conf.o
                0x000000000800af6c                HAL_PCD_SetupStageCallback
 .text.HAL_PCD_DataOutStageCallback
                0x000000000800af90       0x30 Src/usbd_conf.o
                0x000000000800af90                HAL_PCD_DataOutStageCallback
 .text.HAL_PCD_DataInStageCallback
                0x000000000800afc0       0x2e Src/usbd_conf.o
                0x000000000800afc0                HAL_PCD_DataInStageCallback
 .text.HAL_PCD_SOFCallback
                0x000000000800afee       0x1c Src/usbd_conf.o
                0x000000000800afee                HAL_PCD_SOFCallback
 .text.HAL_PCD_ResetCallback
                0x000000000800b00a       0x3c Src/usbd_conf.o
                0x000000000800b00a                HAL_PCD_ResetCallback
 *fill*         0x000000000800b046        0x2 
 .text.HAL_PCD_SuspendCallback
                0x000000000800b048       0x34 Src/usbd_conf.o
                0x000000000800b048                HAL_PCD_SuspendCallback
 .text.HAL_PCD_ResumeCallback
                0x000000000800b07c       0x38 Src/usbd_conf.o
                0x000000000800b07c                HAL_PCD_ResumeCallback
 .text.USBD_LL_Init
                0x000000000800b0b4       0xc0 Src/usbd_conf.o
                0x000000000800b0b4                USBD_LL_Init
 .text.USBD_LL_Start
                0x000000000800b174       0x36 Src/usbd_conf.o
                0x000000000800b174                USBD_LL_Start
 .text.USBD_LL_OpenEP
                0x000000000800b1aa       0x4c Src/usbd_conf.o
                0x000000000800b1aa                USBD_LL_OpenEP
 .text.USBD_LL_CloseEP
                0x000000000800b1f6       0x3e Src/usbd_conf.o
                0x000000000800b1f6                USBD_LL_CloseEP
 .text.USBD_LL_StallEP
                0x000000000800b234       0x3e Src/usbd_conf.o
                0x000000000800b234                USBD_LL_StallEP
 .text.USBD_LL_ClearStallEP
                0x000000000800b272       0x3e Src/usbd_conf.o
                0x000000000800b272                USBD_LL_ClearStallEP
 .text.USBD_LL_IsStallEP
                0x000000000800b2b0       0x4c Src/usbd_conf.o
                0x000000000800b2b0                USBD_LL_IsStallEP
 .text.USBD_LL_SetUSBAddress
                0x000000000800b2fc       0x3e Src/usbd_conf.o
                0x000000000800b2fc                USBD_LL_SetUSBAddress
 .text.USBD_LL_Transmit
                0x000000000800b33a       0x46 Src/usbd_conf.o
                0x000000000800b33a                USBD_LL_Transmit
 .text.USBD_LL_PrepareReceive
                0x000000000800b380       0x46 Src/usbd_conf.o
                0x000000000800b380                USBD_LL_PrepareReceive
 .text.USBD_LL_GetRxDataSize
                0x000000000800b3c6       0x26 Src/usbd_conf.o
                0x000000000800b3c6                USBD_LL_GetRxDataSize
 .text.HAL_PCDEx_LPM_Callback
                0x000000000800b3ec       0x6c Src/usbd_conf.o
                0x000000000800b3ec                HAL_PCDEx_LPM_Callback
 .text.USBD_static_malloc
                0x000000000800b458       0x1c Src/usbd_conf.o
                0x000000000800b458                USBD_static_malloc
 .text.USBD_static_free
                0x000000000800b474       0x14 Src/usbd_conf.o
                0x000000000800b474                USBD_static_free
 .text.SystemClockConfig_Resume
                0x000000000800b488        0xc Src/usbd_conf.o
 .text.USBD_Get_USB_Status
                0x000000000800b494       0x58 Src/usbd_conf.o
 .text.USBD_CDC_DeviceDescriptor
                0x000000000800b4ec       0x24 Src/usbd_desc.o
                0x000000000800b4ec                USBD_CDC_DeviceDescriptor
 .text.USBD_CDC_LangIDStrDescriptor
                0x000000000800b510       0x24 Src/usbd_desc.o
                0x000000000800b510                USBD_CDC_LangIDStrDescriptor
 .text.USBD_CDC_ProductStrDescriptor
                0x000000000800b534       0x3c Src/usbd_desc.o
                0x000000000800b534                USBD_CDC_ProductStrDescriptor
 .text.USBD_CDC_ManufacturerStrDescriptor
                0x000000000800b570       0x28 Src/usbd_desc.o
                0x000000000800b570                USBD_CDC_ManufacturerStrDescriptor
 .text.USBD_CDC_SerialStrDescriptor
                0x000000000800b598       0x24 Src/usbd_desc.o
                0x000000000800b598                USBD_CDC_SerialStrDescriptor
 .text.USBD_CDC_ConfigStrDescriptor
                0x000000000800b5bc       0x3c Src/usbd_desc.o
                0x000000000800b5bc                USBD_CDC_ConfigStrDescriptor
 .text.USBD_CDC_InterfaceStrDescriptor
                0x000000000800b5f8       0x3c Src/usbd_desc.o
                0x000000000800b5f8                USBD_CDC_InterfaceStrDescriptor
 .text.Get_SerialNum
                0x000000000800b634       0x58 Src/usbd_desc.o
 .text.IntToUnicode
                0x000000000800b68c       0x7c Src/usbd_desc.o
 .text.USER_initialize
                0x000000000800b708       0x28 Src/user_diskio.o
                0x000000000800b708                USER_initialize
 .text.USER_status
                0x000000000800b730       0x28 Src/user_diskio.o
                0x000000000800b730                USER_status
 .text.USER_read
                0x000000000800b758       0x1e Src/user_diskio.o
                0x000000000800b758                USER_read
 .text.USER_write
                0x000000000800b776       0x1e Src/user_diskio.o
                0x000000000800b776                USER_write
 .text.USER_ioctl
                0x000000000800b794       0x22 Src/user_diskio.o
                0x000000000800b794                USER_ioctl
 *fill*         0x000000000800b7b6        0x2 
 .text.__libc_init_array
                0x000000000800b7b8       0x48 c:/st/stm32cubeide_1.1.0/stm32cubeide/plugins/com.st.stm32cube.ide.mcu.externaltools.gnu-tools-for-stm32.7-2018-q2-update.win32_1.0.0.201904181610/tools/bin/../lib/gcc/arm-none-eabi/7.3.1/../../../../arm-none-eabi/lib/thumb/v7e-m/fpv4-sp/hard\libc_nano.a(lib_a-init.o)
                0x000000000800b7b8                __libc_init_array
 .text.memcpy   0x000000000800b800       0x16 c:/st/stm32cubeide_1.1.0/stm32cubeide/plugins/com.st.stm32cube.ide.mcu.externaltools.gnu-tools-for-stm32.7-2018-q2-update.win32_1.0.0.201904181610/tools/bin/../lib/gcc/arm-none-eabi/7.3.1/../../../../arm-none-eabi/lib/thumb/v7e-m/fpv4-sp/hard\libc_nano.a(lib_a-memcpy-stub.o)
                0x000000000800b800                memcpy
 .text.memset   0x000000000800b816       0x10 c:/st/stm32cubeide_1.1.0/stm32cubeide/plugins/com.st.stm32cube.ide.mcu.externaltools.gnu-tools-for-stm32.7-2018-q2-update.win32_1.0.0.201904181610/tools/bin/../lib/gcc/arm-none-eabi/7.3.1/../../../../arm-none-eabi/lib/thumb/v7e-m/fpv4-sp/hard\libc_nano.a(lib_a-memset.o)
                0x000000000800b816                memset
 *(.glue_7)
 .glue_7        0x000000000800b826        0x0 linker stubs
 *(.glue_7t)
 .glue_7t       0x000000000800b826        0x0 linker stubs
 *(.eh_frame)
 *fill*         0x000000000800b826        0x2 
 .eh_frame      0x000000000800b828        0x0 c:/st/stm32cubeide_1.1.0/stm32cubeide/plugins/com.st.stm32cube.ide.mcu.externaltools.gnu-tools-for-stm32.7-2018-q2-update.win32_1.0.0.201904181610/tools/bin/../lib/gcc/arm-none-eabi/7.3.1/thumb/v7e-m/fpv4-sp/hard/crtbegin.o
 *(.init)
 .init          0x000000000800b828        0x4 c:/st/stm32cubeide_1.1.0/stm32cubeide/plugins/com.st.stm32cube.ide.mcu.externaltools.gnu-tools-for-stm32.7-2018-q2-update.win32_1.0.0.201904181610/tools/bin/../lib/gcc/arm-none-eabi/7.3.1/thumb/v7e-m/fpv4-sp/hard/crti.o
                0x000000000800b828                _init
 .init          0x000000000800b82c        0x8 c:/st/stm32cubeide_1.1.0/stm32cubeide/plugins/com.st.stm32cube.ide.mcu.externaltools.gnu-tools-for-stm32.7-2018-q2-update.win32_1.0.0.201904181610/tools/bin/../lib/gcc/arm-none-eabi/7.3.1/thumb/v7e-m/fpv4-sp/hard/crtn.o
 *(.fini)
 .fini          0x000000000800b834        0x4 c:/st/stm32cubeide_1.1.0/stm32cubeide/plugins/com.st.stm32cube.ide.mcu.externaltools.gnu-tools-for-stm32.7-2018-q2-update.win32_1.0.0.201904181610/tools/bin/../lib/gcc/arm-none-eabi/7.3.1/thumb/v7e-m/fpv4-sp/hard/crti.o
                0x000000000800b834                _fini
 .fini          0x000000000800b838        0x8 c:/st/stm32cubeide_1.1.0/stm32cubeide/plugins/com.st.stm32cube.ide.mcu.externaltools.gnu-tools-for-stm32.7-2018-q2-update.win32_1.0.0.201904181610/tools/bin/../lib/gcc/arm-none-eabi/7.3.1/thumb/v7e-m/fpv4-sp/hard/crtn.o
                0x000000000800b840                . = ALIGN (0x4)
                0x000000000800b840                _etext = .

.vfp11_veneer   0x000000000800b840        0x0
 .vfp11_veneer  0x000000000800b840        0x0 linker stubs

.v4_bx          0x000000000800b840        0x0
 .v4_bx         0x000000000800b840        0x0 linker stubs

.iplt           0x000000000800b840        0x0
 .iplt          0x000000000800b840        0x0 c:/st/stm32cubeide_1.1.0/stm32cubeide/plugins/com.st.stm32cube.ide.mcu.externaltools.gnu-tools-for-stm32.7-2018-q2-update.win32_1.0.0.201904181610/tools/bin/../lib/gcc/arm-none-eabi/7.3.1/thumb/v7e-m/fpv4-sp/hard/crtbegin.o

.rodata         0x000000000800b840       0x7c
                0x000000000800b840                . = ALIGN (0x4)
 *(.rodata)
 .rodata        0x000000000800b840        0x5 Middlewares/Third_Party/FreeRTOS/Source/tasks.o
 *fill*         0x000000000800b845        0x3 
 .rodata        0x000000000800b848        0xd Middlewares/Third_Party/FreeRTOS/Source/timers.o
 *fill*         0x000000000800b855        0x3 
 .rodata        0x000000000800b858        0xc Src/main.o
 .rodata        0x000000000800b864       0x46 Src/usbd_desc.o
 *(.rodata*)
 *fill*         0x000000000800b8aa        0x2 
 .rodata.AHBPrescTable
                0x000000000800b8ac       0x10 Src/system_stm32g4xx.o
                0x000000000800b8ac                AHBPrescTable
                0x000000000800b8bc                . = ALIGN (0x4)

.rel.dyn        0x000000000800b8bc        0x0
 .rel.iplt      0x000000000800b8bc        0x0 c:/st/stm32cubeide_1.1.0/stm32cubeide/plugins/com.st.stm32cube.ide.mcu.externaltools.gnu-tools-for-stm32.7-2018-q2-update.win32_1.0.0.201904181610/tools/bin/../lib/gcc/arm-none-eabi/7.3.1/thumb/v7e-m/fpv4-sp/hard/crtbegin.o

.ARM.extab      0x000000000800b8bc        0x0
                0x000000000800b8bc                . = ALIGN (0x4)
 *(.ARM.extab* .gnu.linkonce.armextab.*)
                0x000000000800b8bc                . = ALIGN (0x4)

.ARM            0x000000000800b8bc        0x0
                0x000000000800b8bc                . = ALIGN (0x4)
                0x000000000800b8bc                __exidx_start = .
 *(.ARM.exidx*)
                0x000000000800b8bc                __exidx_end = .
                0x000000000800b8bc                . = ALIGN (0x4)

.preinit_array  0x000000000800b8bc        0x0
                0x000000000800b8bc                . = ALIGN (0x4)
                0x000000000800b8bc                PROVIDE (__preinit_array_start = .)
 *(.preinit_array*)
                0x000000000800b8bc                PROVIDE (__preinit_array_end = .)
                0x000000000800b8bc                . = ALIGN (0x4)

.init_array     0x000000000800b8bc        0x4
                0x000000000800b8bc                . = ALIGN (0x4)
                0x000000000800b8bc                PROVIDE (__init_array_start = .)
 *(SORT_BY_NAME(.init_array.*))
 *(.init_array*)
 .init_array    0x000000000800b8bc        0x4 c:/st/stm32cubeide_1.1.0/stm32cubeide/plugins/com.st.stm32cube.ide.mcu.externaltools.gnu-tools-for-stm32.7-2018-q2-update.win32_1.0.0.201904181610/tools/bin/../lib/gcc/arm-none-eabi/7.3.1/thumb/v7e-m/fpv4-sp/hard/crtbegin.o
                0x000000000800b8c0                PROVIDE (__init_array_end = .)
                0x000000000800b8c0                . = ALIGN (0x4)

.fini_array     0x000000000800b8c0        0x4
                0x000000000800b8c0                . = ALIGN (0x4)
                [!provide]                        PROVIDE (__fini_array_start = .)
 *(SORT_BY_NAME(.fini_array.*))
 *(.fini_array*)
 .fini_array    0x000000000800b8c0        0x4 c:/st/stm32cubeide_1.1.0/stm32cubeide/plugins/com.st.stm32cube.ide.mcu.externaltools.gnu-tools-for-stm32.7-2018-q2-update.win32_1.0.0.201904181610/tools/bin/../lib/gcc/arm-none-eabi/7.3.1/thumb/v7e-m/fpv4-sp/hard/crtbegin.o
                [!provide]                        PROVIDE (__fini_array_end = .)
                0x000000000800b8c4                . = ALIGN (0x4)
                0x000000000800b8c4                _sidata = LOADADDR (.data)

.data           0x0000000020000000      0x198 load address 0x000000000800b8c4
                0x0000000020000000                . = ALIGN (0x4)
                0x0000000020000000                _sdata = .
 *(.data)
 *(.data*)
 .data.uwTickPrio
                0x0000000020000000        0x4 Drivers/STM32G4xx_HAL_Driver/Src/stm32g4xx_hal.o
                0x0000000020000000                uwTickPrio
 .data.uwTickFreq
                0x0000000020000004        0x4 Drivers/STM32G4xx_HAL_Driver/Src/stm32g4xx_hal.o
                0x0000000020000004                uwTickFreq
 .data.USBD_CDC_DeviceQualifierDesc
                0x0000000020000008        0xa Middlewares/ST/STM32_USB_Device_Library/Class/CDC/Src/usbd_cdc.o
 *fill*         0x0000000020000012        0x2 
 .data.USBD_CDC
                0x0000000020000014       0x38 Middlewares/ST/STM32_USB_Device_Library/Class/CDC/Src/usbd_cdc.o
                0x0000000020000014                USBD_CDC
 .data.USBD_CDC_CfgHSDesc
                0x000000002000004c       0x43 Middlewares/ST/STM32_USB_Device_Library/Class/CDC/Src/usbd_cdc.o
                0x000000002000004c                USBD_CDC_CfgHSDesc
 *fill*         0x000000002000008f        0x1 
 .data.USBD_CDC_CfgFSDesc
                0x0000000020000090       0x43 Middlewares/ST/STM32_USB_Device_Library/Class/CDC/Src/usbd_cdc.o
                0x0000000020000090                USBD_CDC_CfgFSDesc
 *fill*         0x00000000200000d3        0x1 
 .data.USBD_CDC_OtherSpeedCfgDesc
                0x00000000200000d4       0x43 Middlewares/ST/STM32_USB_Device_Library/Class/CDC/Src/usbd_cdc.o
                0x00000000200000d4                USBD_CDC_OtherSpeedCfgDesc
 *fill*         0x0000000020000117        0x1 
 .data.uxCriticalNesting
                0x0000000020000118        0x4 Middlewares/Third_Party/FreeRTOS/Source/portable/GCC/ARM_CM4F/port.o
 .data.SystemCoreClock
                0x000000002000011c        0x4 Src/system_stm32g4xx.o
                0x000000002000011c                SystemCoreClock
 .data.USBD_Interface_fops_FS
                0x0000000020000120       0x10 Src/usbd_cdc_if.o
                0x0000000020000120                USBD_Interface_fops_FS
 .data.CDC_Desc
                0x0000000020000130       0x20 Src/usbd_desc.o
                0x0000000020000130                CDC_Desc
 .data.USBD_CDC_DeviceDesc
                0x0000000020000150       0x12 Src/usbd_desc.o
                0x0000000020000150                USBD_CDC_DeviceDesc
 *fill*         0x0000000020000162        0x2 
 .data.USBD_LangIDDesc
                0x0000000020000164        0x4 Src/usbd_desc.o
                0x0000000020000164                USBD_LangIDDesc
 .data.USBD_StringSerial
                0x0000000020000168       0x1a Src/usbd_desc.o
                0x0000000020000168                USBD_StringSerial
 .data.Stat     0x0000000020000182        0x1 Src/user_diskio.o
 *fill*         0x0000000020000183        0x1 
 .data.USER_Driver
                0x0000000020000184       0x14 Src/user_diskio.o
                0x0000000020000184                USER_Driver
                0x0000000020000198                . = ALIGN (0x4)
                0x0000000020000198                _edata = .

.igot.plt       0x0000000020000198        0x0 load address 0x000000000800ba5c
 .igot.plt      0x0000000020000198        0x0 c:/st/stm32cubeide_1.1.0/stm32cubeide/plugins/com.st.stm32cube.ide.mcu.externaltools.gnu-tools-for-stm32.7-2018-q2-update.win32_1.0.0.201904181610/tools/bin/../lib/gcc/arm-none-eabi/7.3.1/thumb/v7e-m/fpv4-sp/hard/crtbegin.o
                0x0000000020000198                . = ALIGN (0x4)

.bss            0x0000000020000198     0x3ae4 load address 0x000000000800ba5c
                0x0000000020000198                _sbss = .
                0x0000000020000198                __bss_start__ = _sbss
 *(.bss)
 .bss           0x0000000020000198       0x1c c:/st/stm32cubeide_1.1.0/stm32cubeide/plugins/com.st.stm32cube.ide.mcu.externaltools.gnu-tools-for-stm32.7-2018-q2-update.win32_1.0.0.201904181610/tools/bin/../lib/gcc/arm-none-eabi/7.3.1/thumb/v7e-m/fpv4-sp/hard/crtbegin.o
 *(.bss*)
 .bss.cfgidx.11682
                0x00000000200001b4        0x1 Middlewares/ST/STM32_USB_Device_Library/Core/Src/usbd_ctlreq.o
 *fill*         0x00000000200001b5        0x3 
 .bss.disk      0x00000000200001b8        0xc Middlewares/Third_Party/FatFs/src/ff_gen_drv.o
                0x00000000200001b8                disk
 .bss.KernelState
                0x00000000200001c4        0x4 Middlewares/Third_Party/FreeRTOS/Source/CMSIS_RTOS_V2/cmsis_os2.o
 .bss.Idle_TCB  0x00000000200001c8       0x5c Middlewares/Third_Party/FreeRTOS/Source/CMSIS_RTOS_V2/cmsis_os2.o
 .bss.Idle_Stack
                0x0000000020000224      0x200 Middlewares/Third_Party/FreeRTOS/Source/CMSIS_RTOS_V2/cmsis_os2.o
 .bss.Timer_TCB
                0x0000000020000424       0x5c Middlewares/Third_Party/FreeRTOS/Source/CMSIS_RTOS_V2/cmsis_os2.o
 .bss.Timer_Stack
                0x0000000020000480      0x400 Middlewares/Third_Party/FreeRTOS/Source/CMSIS_RTOS_V2/cmsis_os2.o
 .bss.pxCurrentTCB
                0x0000000020000880        0x4 Middlewares/Third_Party/FreeRTOS/Source/tasks.o
                0x0000000020000880                pxCurrentTCB
 .bss.pxReadyTasksLists
                0x0000000020000884      0x460 Middlewares/Third_Party/FreeRTOS/Source/tasks.o
 .bss.xDelayedTaskList1
                0x0000000020000ce4       0x14 Middlewares/Third_Party/FreeRTOS/Source/tasks.o
 .bss.xDelayedTaskList2
                0x0000000020000cf8       0x14 Middlewares/Third_Party/FreeRTOS/Source/tasks.o
 .bss.pxDelayedTaskList
                0x0000000020000d0c        0x4 Middlewares/Third_Party/FreeRTOS/Source/tasks.o
 .bss.pxOverflowDelayedTaskList
                0x0000000020000d10        0x4 Middlewares/Third_Party/FreeRTOS/Source/tasks.o
 .bss.xPendingReadyList
                0x0000000020000d14       0x14 Middlewares/Third_Party/FreeRTOS/Source/tasks.o
 .bss.xTasksWaitingTermination
                0x0000000020000d28       0x14 Middlewares/Third_Party/FreeRTOS/Source/tasks.o
 .bss.uxDeletedTasksWaitingCleanUp
                0x0000000020000d3c        0x4 Middlewares/Third_Party/FreeRTOS/Source/tasks.o
 .bss.xSuspendedTaskList
                0x0000000020000d40       0x14 Middlewares/Third_Party/FreeRTOS/Source/tasks.o
 .bss.uxCurrentNumberOfTasks
                0x0000000020000d54        0x4 Middlewares/Third_Party/FreeRTOS/Source/tasks.o
 .bss.xTickCount
                0x0000000020000d58        0x4 Middlewares/Third_Party/FreeRTOS/Source/tasks.o
 .bss.uxTopReadyPriority
                0x0000000020000d5c        0x4 Middlewares/Third_Party/FreeRTOS/Source/tasks.o
 .bss.xSchedulerRunning
                0x0000000020000d60        0x4 Middlewares/Third_Party/FreeRTOS/Source/tasks.o
 .bss.uxPendedTicks
                0x0000000020000d64        0x4 Middlewares/Third_Party/FreeRTOS/Source/tasks.o
 .bss.xYieldPending
                0x0000000020000d68        0x4 Middlewares/Third_Party/FreeRTOS/Source/tasks.o
 .bss.xNumOfOverflows
                0x0000000020000d6c        0x4 Middlewares/Third_Party/FreeRTOS/Source/tasks.o
 .bss.uxTaskNumber
                0x0000000020000d70        0x4 Middlewares/Third_Party/FreeRTOS/Source/tasks.o
 .bss.xNextTaskUnblockTime
                0x0000000020000d74        0x4 Middlewares/Third_Party/FreeRTOS/Source/tasks.o
 .bss.xIdleTaskHandle
                0x0000000020000d78        0x4 Middlewares/Third_Party/FreeRTOS/Source/tasks.o
 .bss.uxSchedulerSuspended
                0x0000000020000d7c        0x4 Middlewares/Third_Party/FreeRTOS/Source/tasks.o
 .bss.xActiveTimerList1
                0x0000000020000d80       0x14 Middlewares/Third_Party/FreeRTOS/Source/timers.o
 .bss.xActiveTimerList2
                0x0000000020000d94       0x14 Middlewares/Third_Party/FreeRTOS/Source/timers.o
 .bss.pxCurrentTimerList
                0x0000000020000da8        0x4 Middlewares/Third_Party/FreeRTOS/Source/timers.o
 .bss.pxOverflowTimerList
                0x0000000020000dac        0x4 Middlewares/Third_Party/FreeRTOS/Source/timers.o
 .bss.xTimerQueue
                0x0000000020000db0        0x4 Middlewares/Third_Party/FreeRTOS/Source/timers.o
 .bss.xTimerTaskHandle
                0x0000000020000db4        0x4 Middlewares/Third_Party/FreeRTOS/Source/timers.o
 .bss.xLastTime.6729
                0x0000000020000db8        0x4 Middlewares/Third_Party/FreeRTOS/Source/timers.o
 .bss.ucStaticTimerQueueStorage.6780
                0x0000000020000dbc       0xa0 Middlewares/Third_Party/FreeRTOS/Source/timers.o
 .bss.xStaticTimerQueue.6779
                0x0000000020000e5c       0x50 Middlewares/Third_Party/FreeRTOS/Source/timers.o
 .bss.ucMaxSysCallPriority
                0x0000000020000eac        0x1 Middlewares/Third_Party/FreeRTOS/Source/portable/GCC/ARM_CM4F/port.o
 *fill*         0x0000000020000ead        0x3 
 .bss.ulMaxPRIGROUPValue
                0x0000000020000eb0        0x4 Middlewares/Third_Party/FreeRTOS/Source/portable/GCC/ARM_CM4F/port.o
 .bss.ucHeap    0x0000000020000eb4      0xc00 Middlewares/Third_Party/FreeRTOS/Source/portable/MemMang/heap_4.o
 .bss.xStart    0x0000000020001ab4        0x8 Middlewares/Third_Party/FreeRTOS/Source/portable/MemMang/heap_4.o
 .bss.pxEnd     0x0000000020001abc        0x4 Middlewares/Third_Party/FreeRTOS/Source/portable/MemMang/heap_4.o
 .bss.xFreeBytesRemaining
                0x0000000020001ac0        0x4 Middlewares/Third_Party/FreeRTOS/Source/portable/MemMang/heap_4.o
 .bss.xMinimumEverFreeBytesRemaining
                0x0000000020001ac4        0x4 Middlewares/Third_Party/FreeRTOS/Source/portable/MemMang/heap_4.o
 .bss.xBlockAllocatedBit
                0x0000000020001ac8        0x4 Middlewares/Third_Party/FreeRTOS/Source/portable/MemMang/heap_4.o
 .bss.Appli_state
                0x0000000020001acc        0x1 Src/app_fatfs.o
                0x0000000020001acc                Appli_state
 *fill*         0x0000000020001acd        0x3 
 .bss.HAL_RCC_ADC12_CLK_ENABLED
                0x0000000020001ad0        0x4 Src/stm32g4xx_hal_msp.o
 .bss.HAL_RCC_ADC345_CLK_ENABLED
                0x0000000020001ad4        0x4 Src/stm32g4xx_hal_msp.o
 .bss.mem.11757
                0x0000000020001ad8      0x220 Src/usbd_conf.o
 *(COMMON)
 COMMON         0x0000000020001cf8        0x4 Drivers/STM32G4xx_HAL_Driver/Src/stm32g4xx_hal.o
                0x0000000020001cf8                uwTick
 COMMON         0x0000000020001cfc       0x40 Middlewares/Third_Party/FreeRTOS/Source/queue.o
                0x0000000020001cfc                xQueueRegistry
 COMMON         0x0000000020001d3c      0x468 Src/app_fatfs.o
                0x0000000020001d3c                USERPath
                0x0000000020001d40                USERFile
                0x0000000020001f70                USERFatFs
 COMMON         0x00000000200021a4      0x3a0 Src/main.o
                0x00000000200021a4                defaultTaskHandle
                0x00000000200021a8                hadc2
                0x0000000020002214                hadc5
                0x0000000020002280                hcomp1
                0x00000000200022a4                hcomp4
                0x00000000200022c8                hadc1
                0x0000000020002334                hadc3
                0x00000000200023a0                hrtc
                0x00000000200023c8                hfdcan1
                0x000000002000242c                hcomp2
                0x0000000020002450                hcomp3
                0x0000000020002474                hspi1
                0x00000000200024d8                hadc4
 COMMON         0x0000000020002544      0x2c4 Src/usb_device.o
                0x0000000020002544                hUsbDeviceFS
 COMMON         0x0000000020002808     0x1000 Src/usbd_cdc_if.o
                0x0000000020002808                UserRxBufferFS
                0x0000000020003008                UserTxBufferFS
 COMMON         0x0000000020003808      0x274 Src/usbd_conf.o
                0x0000000020003808                hpcd_USB_FS
 COMMON         0x0000000020003a7c      0x200 Src/usbd_desc.o
                0x0000000020003a7c                USBD_StrDesc
                0x0000000020003c7c                . = ALIGN (0x4)
                0x0000000020003c7c                _ebss = .
                0x0000000020003c7c                __bss_end__ = _ebss

._user_heap_stack
                0x0000000020003c7c      0x604 load address 0x000000000800ba5c
                0x0000000020003c80                . = ALIGN (0x8)
 *fill*         0x0000000020003c7c        0x4 
                [!provide]                        PROVIDE (end = .)
                [!provide]                        PROVIDE (_end = .)
                0x0000000020003e80                . = (. + _Min_Heap_Size)
 *fill*         0x0000000020003c80      0x200 
                0x0000000020004280                . = (. + _Min_Stack_Size)
 *fill*         0x0000000020003e80      0x400 
                0x0000000020004280                . = ALIGN (0x8)

/DISCARD/
 libc.a(*)
 libm.a(*)
 libgcc.a(*)

.ARM.attributes
                0x0000000000000000       0x30
 *(.ARM.attributes)
 .ARM.attributes
                0x0000000000000000       0x22 c:/st/stm32cubeide_1.1.0/stm32cubeide/plugins/com.st.stm32cube.ide.mcu.externaltools.gnu-tools-for-stm32.7-2018-q2-update.win32_1.0.0.201904181610/tools/bin/../lib/gcc/arm-none-eabi/7.3.1/thumb/v7e-m/fpv4-sp/hard/crti.o
 .ARM.attributes
                0x0000000000000022       0x34 c:/st/stm32cubeide_1.1.0/stm32cubeide/plugins/com.st.stm32cube.ide.mcu.externaltools.gnu-tools-for-stm32.7-2018-q2-update.win32_1.0.0.201904181610/tools/bin/../lib/gcc/arm-none-eabi/7.3.1/thumb/v7e-m/fpv4-sp/hard/crtbegin.o
 .ARM.attributes
                0x0000000000000056       0x21 Core/Startup/startup_stm32g474vetx.o
 .ARM.attributes
                0x0000000000000077       0x39 Drivers/STM32G4xx_HAL_Driver/Src/stm32g4xx_hal.o
 .ARM.attributes
                0x00000000000000b0       0x39 Drivers/STM32G4xx_HAL_Driver/Src/stm32g4xx_hal_adc.o
 .ARM.attributes
                0x00000000000000e9       0x39 Drivers/STM32G4xx_HAL_Driver/Src/stm32g4xx_hal_adc_ex.o
 .ARM.attributes
                0x0000000000000122       0x39 Drivers/STM32G4xx_HAL_Driver/Src/stm32g4xx_hal_comp.o
 .ARM.attributes
                0x000000000000015b       0x39 Drivers/STM32G4xx_HAL_Driver/Src/stm32g4xx_hal_cortex.o
 .ARM.attributes
                0x0000000000000194       0x39 Drivers/STM32G4xx_HAL_Driver/Src/stm32g4xx_hal_fdcan.o
 .ARM.attributes
                0x00000000000001cd       0x39 Drivers/STM32G4xx_HAL_Driver/Src/stm32g4xx_hal_gpio.o
 .ARM.attributes
                0x0000000000000206       0x39 Drivers/STM32G4xx_HAL_Driver/Src/stm32g4xx_hal_pcd.o
 .ARM.attributes
                0x000000000000023f       0x39 Drivers/STM32G4xx_HAL_Driver/Src/stm32g4xx_hal_pcd_ex.o
 .ARM.attributes
                0x0000000000000278       0x39 Drivers/STM32G4xx_HAL_Driver/Src/stm32g4xx_hal_pwr_ex.o
 .ARM.attributes
                0x00000000000002b1       0x39 Drivers/STM32G4xx_HAL_Driver/Src/stm32g4xx_hal_rcc.o
 .ARM.attributes
                0x00000000000002ea       0x39 Drivers/STM32G4xx_HAL_Driver/Src/stm32g4xx_hal_rcc_ex.o
 .ARM.attributes
                0x0000000000000323       0x39 Drivers/STM32G4xx_HAL_Driver/Src/stm32g4xx_hal_rtc.o
 .ARM.attributes
                0x000000000000035c       0x39 Drivers/STM32G4xx_HAL_Driver/Src/stm32g4xx_hal_spi.o
 .ARM.attributes
                0x0000000000000395       0x39 Drivers/STM32G4xx_HAL_Driver/Src/stm32g4xx_ll_usb.o
 .ARM.attributes
                0x00000000000003ce       0x39 Middlewares/ST/STM32_USB_Device_Library/Class/CDC/Src/usbd_cdc.o
 .ARM.attributes
                0x0000000000000407       0x39 Middlewares/ST/STM32_USB_Device_Library/Core/Src/usbd_core.o
 .ARM.attributes
                0x0000000000000440       0x39 Middlewares/ST/STM32_USB_Device_Library/Core/Src/usbd_ctlreq.o
 .ARM.attributes
                0x0000000000000479       0x39 Middlewares/ST/STM32_USB_Device_Library/Core/Src/usbd_ioreq.o
 .ARM.attributes
                0x00000000000004b2       0x39 Middlewares/Third_Party/FatFs/src/ff_gen_drv.o
 .ARM.attributes
                0x00000000000004eb       0x39 Middlewares/Third_Party/FreeRTOS/Source/CMSIS_RTOS_V2/cmsis_os2.o
 .ARM.attributes
                0x0000000000000524       0x39 Middlewares/Third_Party/FreeRTOS/Source/list.o
 .ARM.attributes
                0x000000000000055d       0x39 Middlewares/Third_Party/FreeRTOS/Source/queue.o
 .ARM.attributes
                0x0000000000000596       0x39 Middlewares/Third_Party/FreeRTOS/Source/tasks.o
 .ARM.attributes
                0x00000000000005cf       0x39 Middlewares/Third_Party/FreeRTOS/Source/timers.o
 .ARM.attributes
                0x0000000000000608       0x39 Middlewares/Third_Party/FreeRTOS/Source/portable/GCC/ARM_CM4F/port.o
 .ARM.attributes
                0x0000000000000641       0x39 Middlewares/Third_Party/FreeRTOS/Source/portable/MemMang/heap_4.o
 .ARM.attributes
                0x000000000000067a       0x39 Src/app_fatfs.o
 .ARM.attributes
                0x00000000000006b3       0x39 Src/main.o
 .ARM.attributes
                0x00000000000006ec       0x39 Src/stm32g4xx_hal_msp.o
 .ARM.attributes
                0x0000000000000725       0x39 Src/stm32g4xx_it.o
 .ARM.attributes
                0x000000000000075e       0x39 Src/system_stm32g4xx.o
 .ARM.attributes
                0x0000000000000797       0x39 Src/usb_device.o
 .ARM.attributes
                0x00000000000007d0       0x39 Src/usbd_cdc_if.o
 .ARM.attributes
                0x0000000000000809       0x39 Src/usbd_conf.o
 .ARM.attributes
                0x0000000000000842       0x39 Src/usbd_desc.o
 .ARM.attributes
                0x000000000000087b       0x39 Src/user_diskio.o
 .ARM.attributes
                0x00000000000008b4       0x34 c:/st/stm32cubeide_1.1.0/stm32cubeide/plugins/com.st.stm32cube.ide.mcu.externaltools.gnu-tools-for-stm32.7-2018-q2-update.win32_1.0.0.201904181610/tools/bin/../lib/gcc/arm-none-eabi/7.3.1/../../../../arm-none-eabi/lib/thumb/v7e-m/fpv4-sp/hard\libc_nano.a(lib_a-init.o)
 .ARM.attributes
                0x00000000000008e8       0x34 c:/st/stm32cubeide_1.1.0/stm32cubeide/plugins/com.st.stm32cube.ide.mcu.externaltools.gnu-tools-for-stm32.7-2018-q2-update.win32_1.0.0.201904181610/tools/bin/../lib/gcc/arm-none-eabi/7.3.1/../../../../arm-none-eabi/lib/thumb/v7e-m/fpv4-sp/hard\libc_nano.a(lib_a-memcpy-stub.o)
 .ARM.attributes
                0x000000000000091c       0x34 c:/st/stm32cubeide_1.1.0/stm32cubeide/plugins/com.st.stm32cube.ide.mcu.externaltools.gnu-tools-for-stm32.7-2018-q2-update.win32_1.0.0.201904181610/tools/bin/../lib/gcc/arm-none-eabi/7.3.1/../../../../arm-none-eabi/lib/thumb/v7e-m/fpv4-sp/hard\libc_nano.a(lib_a-memset.o)
 .ARM.attributes
                0x0000000000000950       0x22 c:/st/stm32cubeide_1.1.0/stm32cubeide/plugins/com.st.stm32cube.ide.mcu.externaltools.gnu-tools-for-stm32.7-2018-q2-update.win32_1.0.0.201904181610/tools/bin/../lib/gcc/arm-none-eabi/7.3.1/thumb/v7e-m/fpv4-sp/hard/crtn.o
OUTPUT(zoomECU.elf elf32-littlearm)

.debug_line     0x0000000000000000    0x1d247
 .debug_line    0x0000000000000000       0x89 Core/Startup/startup_stm32g474vetx.o
 .debug_line    0x0000000000000089      0xa49 Drivers/STM32G4xx_HAL_Driver/Src/stm32g4xx_hal.o
 .debug_line    0x0000000000000ad2     0x17aa Drivers/STM32G4xx_HAL_Driver/Src/stm32g4xx_hal_adc.o
 .debug_line    0x000000000000227c     0x1466 Drivers/STM32G4xx_HAL_Driver/Src/stm32g4xx_hal_adc_ex.o
 .debug_line    0x00000000000036e2      0xba6 Drivers/STM32G4xx_HAL_Driver/Src/stm32g4xx_hal_comp.o
 .debug_line    0x0000000000004288      0xad1 Drivers/STM32G4xx_HAL_Driver/Src/stm32g4xx_hal_cortex.o
 .debug_line    0x0000000000004d59      0xf96 Drivers/STM32G4xx_HAL_Driver/Src/stm32g4xx_hal_fdcan.o
 .debug_line    0x0000000000005cef      0x94f Drivers/STM32G4xx_HAL_Driver/Src/stm32g4xx_hal_gpio.o
 .debug_line    0x000000000000663e      0xc58 Drivers/STM32G4xx_HAL_Driver/Src/stm32g4xx_hal_pcd.o
 .debug_line    0x0000000000007296      0x872 Drivers/STM32G4xx_HAL_Driver/Src/stm32g4xx_hal_pcd_ex.o
 .debug_line    0x0000000000007b08      0xb36 Drivers/STM32G4xx_HAL_Driver/Src/stm32g4xx_hal_pwr_ex.o
 .debug_line    0x000000000000863e      0xa8a Drivers/STM32G4xx_HAL_Driver/Src/stm32g4xx_hal_rcc.o
 .debug_line    0x00000000000090c8      0xcc4 Drivers/STM32G4xx_HAL_Driver/Src/stm32g4xx_hal_rcc_ex.o
 .debug_line    0x0000000000009d8c      0xb59 Drivers/STM32G4xx_HAL_Driver/Src/stm32g4xx_hal_rtc.o
 .debug_line    0x000000000000a8e5     0x1228 Drivers/STM32G4xx_HAL_Driver/Src/stm32g4xx_hal_spi.o
 .debug_line    0x000000000000bb0d      0xc88 Drivers/STM32G4xx_HAL_Driver/Src/stm32g4xx_ll_usb.o
 .debug_line    0x000000000000c795      0xc43 Middlewares/ST/STM32_USB_Device_Library/Class/CDC/Src/usbd_cdc.o
 .debug_line    0x000000000000d3d8      0xc7e Middlewares/ST/STM32_USB_Device_Library/Core/Src/usbd_core.o
 .debug_line    0x000000000000e056      0xd0c Middlewares/ST/STM32_USB_Device_Library/Core/Src/usbd_ctlreq.o
 .debug_line    0x000000000000ed62      0xae7 Middlewares/ST/STM32_USB_Device_Library/Core/Src/usbd_ioreq.o
 .debug_line    0x000000000000f849      0xaf6 Middlewares/Third_Party/FatFs/src/ff_gen_drv.o
 .debug_line    0x000000000001033f     0x1e28 Middlewares/Third_Party/FreeRTOS/Source/CMSIS_RTOS_V2/cmsis_os2.o
 .debug_line    0x0000000000012167      0x667 Middlewares/Third_Party/FreeRTOS/Source/list.o
 .debug_line    0x00000000000127ce     0x10f2 Middlewares/Third_Party/FreeRTOS/Source/queue.o