stm32g4xx_hal_rtc_ex.c:165:19:HAL_RTCEx_SetTimeStamp	24	static
stm32g4xx_hal_rtc_ex.c:216:19:HAL_RTCEx_SetTimeStamp_IT	24	static
stm32g4xx_hal_rtc_ex.c:263:19:HAL_RTCEx_DeactivateTimeStamp	16	static
stm32g4xx_hal_rtc_ex.c:298:19:HAL_RTCEx_SetInternalTimeStamp	16	static
stm32g4xx_hal_rtc_ex.c:328:19:HAL_RTCEx_DeactivateInternalTimeStamp	16	static
stm32g4xx_hal_rtc_ex.c:363:19:HAL_RTCEx_GetTimeStamp	32	static
stm32g4xx_hal_rtc_ex.c:415:13:HAL_RTCEx_TimeStampEventCallback	16	static
stm32g4xx_hal_rtc_ex.c:430:6:HAL_RTCEx_TimeStampIRQHandler	24	static
stm32g4xx_hal_rtc_ex.c:471:19:HAL_RTCEx_PollForTimeStampEvent	24	static
stm32g4xx_hal_rtc_ex.c:529:19:HAL_RTCEx_SetWakeUpTimer	32	static
stm32g4xx_hal_rtc_ex.c:600:19:HAL_RTCEx_SetWakeUpTimer_IT	32	static
stm32g4xx_hal_rtc_ex.c:675:19:HAL_RTCEx_DeactivateWakeUpTimer	24	static
stm32g4xx_hal_rtc_ex.c:727:10:HAL_RTCEx_GetWakeUpTimer	16	static
stm32g4xx_hal_rtc_ex.c:740:6:HAL_RTCEx_WakeUpTimerIRQHandler	16	static
stm32g4xx_hal_rtc_ex.c:767:13:HAL_RTCEx_WakeUpTimerEventCallback	16	static
stm32g4xx_hal_rtc_ex.c:784:19:HAL_RTCEx_PollForWakeUpTimerEvent	24	static
stm32g4xx_hal_rtc_ex.c:861:19:HAL_RTCEx_SetSmoothCalib	32	static
stm32g4xx_hal_rtc_ex.c:932:19:HAL_RTCEx_SetSynchroShift	32	static
stm32g4xx_hal_rtc_ex.c:1025:19:HAL_RTCEx_SetCalibrationOutPut	16	static
stm32g4xx_hal_rtc_ex.c:1061:19:HAL_RTCEx_DeactivateCalibrationOutPut	16	static
stm32g4xx_hal_rtc_ex.c:1091:19:HAL_RTCEx_SetRefClock	24	static
stm32g4xx_hal_rtc_ex.c:1133:19:HAL_RTCEx_DeactivateRefClock	24	static
stm32g4xx_hal_rtc_ex.c:1177:19:HAL_RTCEx_EnableBypassShadow	16	static
stm32g4xx_hal_rtc_ex.c:1209:19:HAL_RTCEx_DisableBypassShadow	16	static
stm32g4xx_hal_rtc_ex.c:1258:13:HAL_RTCEx_AlarmBEventCallback	16	static
stm32g4xx_hal_rtc_ex.c:1274:19:HAL_RTCEx_PollForAlarmBEvent	24	static
stm32g4xx_hal_rtc_ex.c:1337:19:HAL_RTCEx_SetTamper	24	static
stm32g4xx_hal_rtc_ex.c:1401:19:HAL_RTCEx_SetTamper_IT	24	static
stm32g4xx_hal_rtc_ex.c:1472:19:HAL_RTCEx_DeactivateTamper	16	static
stm32g4xx_hal_rtc_ex.c:1507:19:HAL_RTCEx_PollForTamperEvent	32	static
stm32g4xx_hal_rtc_ex.c:1540:19:HAL_RTCEx_SetInternalTamper	16	static
stm32g4xx_hal_rtc_ex.c:1569:19:HAL_RTCEx_SetInternalTamper_IT	16	static
stm32g4xx_hal_rtc_ex.c:1605:19:HAL_RTCEx_DeactivateInternalTamper	16	static
stm32g4xx_hal_rtc_ex.c:1635:19:HAL_RTCEx_PollForInternalTamperEvent	32	static
stm32g4xx_hal_rtc_ex.c:1667:6:HAL_RTCEx_TamperIRQHandler	24	static
stm32g4xx_hal_rtc_ex.c:1820:13:HAL_RTCEx_Tamper1EventCallback	16	static
stm32g4xx_hal_rtc_ex.c:1836:13:HAL_RTCEx_Tamper2EventCallback	16	static
stm32g4xx_hal_rtc_ex.c:1852:13:HAL_RTCEx_Tamper3EventCallback	16	static
stm32g4xx_hal_rtc_ex.c:1902:13:HAL_RTCEx_InternalTamper3EventCallback	16	static
stm32g4xx_hal_rtc_ex.c:1917:13:HAL_RTCEx_InternalTamper4EventCallback	16	static
stm32g4xx_hal_rtc_ex.c:1932:13:HAL_RTCEx_InternalTamper5EventCallback	16	static
stm32g4xx_hal_rtc_ex.c:1949:13:HAL_RTCEx_InternalTamper6EventCallback	16	static
stm32g4xx_hal_rtc_ex.c:2011:6:HAL_RTCEx_BKUPWrite	32	static
stm32g4xx_hal_rtc_ex.c:2035:10:HAL_RTCEx_BKUPRead	24	static
