main.c:99:5:main	48	static
main.c:191:6:SystemClock_Config	168	static
main.c:251:13:MX_ADC1_Init	56	static
main.c:316:13:MX_ADC2_Init	40	static
main.c:373:13:MX_ADC3_Init	56	static
main.c:438:13:MX_ADC4_Init	40	static
main.c:495:13:MX_ADC5_Init	40	static
main.c:552:13:MX_COMP1_Init	8	static
main.c:584:13:MX_COMP2_Init	8	static
main.c:616:13:MX_COMP3_Init	8	static
main.c:648:13:MX_COMP4_Init	8	static
main.c:680:13:MX_FDCAN1_Init	8	static
main.c:723:13:MX_RTC_Init	32	static
main.c:788:13:MX_SPI1_Init	8	static
main.c:828:13:MX_GPIO_Init	56	static
main.c:923:6:StartDefaultTask	16	static
main.c:943:6:Error_Handler	4	static
